../Core/common/Src/lcd2.c:24:13:pcf_write_blocking	24	static,ignoring_inline_asm
../Core/common/Src/lcd2.c:35:20:pcf_write	16	static
../Core/common/Src/lcd2.c:40:6:lcd_set_pcf_write_impl	16	static
../Core/common/Src/lcd2.c:69:13:lcd_send_nibble	24	static
../Core/common/Src/lcd2.c:86:13:lcd_cmd	16	static
../Core/common/Src/lcd2.c:94:13:lcd_data	16	static
../Core/common/Src/lcd2.c:102:6:lcd_init	8	static
../Core/common/Src/lcd2.c:124:6:lcd_set_cursor	24	static
../Core/common/Src/lcd2.c:130:6:lcd_puts	16	static
../Core/common/Src/lcd2.c:138:6:lcd_print	56	static
