../Core/common/Src/lcd2.c:24:13:pcf_write_blocking	16	static
../Core/common/Src/lcd2.c:34:20:pcf_write	16	static
../Core/common/Src/lcd2.c:39:6:lcd_set_pcf_write_impl	16	static
../Core/common/Src/lcd2.c:68:13:lcd_send_nibble	24	static
../Core/common/Src/lcd2.c:85:13:lcd_cmd	16	static
../Core/common/Src/lcd2.c:93:13:lcd_data	16	static
../Core/common/Src/lcd2.c:101:6:lcd_init	8	static
../Core/common/Src/lcd2.c:123:6:lcd_set_cursor	24	static
../Core/common/Src/lcd2.c:129:6:lcd_puts	16	static
../Core/common/Src/lcd2.c:137:6:lcd_print	56	static
