Archive member included to satisfy reference by file (symbol)

C:/ST/STM32CubeIDE_1.17.0/STM32CubeIDE/plugins/com.st.stm32cube.ide.mcu.externaltools.gnu-tools-for-stm32.13.3.rel1.win32_1.0.0.202411081344/tools/bin/../lib/gcc/arm-none-eabi/13.3.1/../../../../arm-none-eabi/lib/thumb/v7e-m+fp/hard\libc_nano.a(libc_a-exit.o)
                              C:/ST/STM32CubeIDE_1.17.0/STM32CubeIDE/plugins/com.st.stm32cube.ide.mcu.externaltools.gnu-tools-for-stm32.13.3.rel1.win32_1.0.0.202411081344/tools/bin/../lib/gcc/arm-none-eabi/13.3.1/../../../../arm-none-eabi/lib/thumb/v7e-m+fp/hard/crt0.o (exit)
C:/ST/STM32CubeIDE_1.17.0/STM32CubeIDE/plugins/com.st.stm32cube.ide.mcu.externaltools.gnu-tools-for-stm32.13.3.rel1.win32_1.0.0.202411081344/tools/bin/../lib/gcc/arm-none-eabi/13.3.1/../../../../arm-none-eabi/lib/thumb/v7e-m+fp/hard\libc_nano.a(libc_a-findfp.o)
                              C:/ST/STM32CubeIDE_1.17.0/STM32CubeIDE/plugins/com.st.stm32cube.ide.mcu.externaltools.gnu-tools-for-stm32.13.3.rel1.win32_1.0.0.202411081344/tools/bin/../lib/gcc/arm-none-eabi/13.3.1/../../../../arm-none-eabi/lib/thumb/v7e-m+fp/hard\libc_nano.a(libc_a-exit.o) (__stdio_exit_handler)
C:/ST/STM32CubeIDE_1.17.0/STM32CubeIDE/plugins/com.st.stm32cube.ide.mcu.externaltools.gnu-tools-for-stm32.13.3.rel1.win32_1.0.0.202411081344/tools/bin/../lib/gcc/arm-none-eabi/13.3.1/../../../../arm-none-eabi/lib/thumb/v7e-m+fp/hard\libc_nano.a(libc_a-fwalk.o)
                              C:/ST/STM32CubeIDE_1.17.0/STM32CubeIDE/plugins/com.st.stm32cube.ide.mcu.externaltools.gnu-tools-for-stm32.13.3.rel1.win32_1.0.0.202411081344/tools/bin/../lib/gcc/arm-none-eabi/13.3.1/../../../../arm-none-eabi/lib/thumb/v7e-m+fp/hard\libc_nano.a(libc_a-findfp.o) (_fwalk_sglue)
C:/ST/STM32CubeIDE_1.17.0/STM32CubeIDE/plugins/com.st.stm32cube.ide.mcu.externaltools.gnu-tools-for-stm32.13.3.rel1.win32_1.0.0.202411081344/tools/bin/../lib/gcc/arm-none-eabi/13.3.1/../../../../arm-none-eabi/lib/thumb/v7e-m+fp/hard\libc_nano.a(libc_a-snprintf.o)
                              ./Core/common/Src/lcd2.o (snprintf)
C:/ST/STM32CubeIDE_1.17.0/STM32CubeIDE/plugins/com.st.stm32cube.ide.mcu.externaltools.gnu-tools-for-stm32.13.3.rel1.win32_1.0.0.202411081344/tools/bin/../lib/gcc/arm-none-eabi/13.3.1/../../../../arm-none-eabi/lib/thumb/v7e-m+fp/hard\libc_nano.a(libc_a-stdio.o)
                              C:/ST/STM32CubeIDE_1.17.0/STM32CubeIDE/plugins/com.st.stm32cube.ide.mcu.externaltools.gnu-tools-for-stm32.13.3.rel1.win32_1.0.0.202411081344/tools/bin/../lib/gcc/arm-none-eabi/13.3.1/../../../../arm-none-eabi/lib/thumb/v7e-m+fp/hard\libc_nano.a(libc_a-findfp.o) (__sread)
C:/ST/STM32CubeIDE_1.17.0/STM32CubeIDE/plugins/com.st.stm32cube.ide.mcu.externaltools.gnu-tools-for-stm32.13.3.rel1.win32_1.0.0.202411081344/tools/bin/../lib/gcc/arm-none-eabi/13.3.1/../../../../arm-none-eabi/lib/thumb/v7e-m+fp/hard\libc_nano.a(libc_a-memcmp.o)
                              ./Core/common/Src/eeplog.o (memcmp)
C:/ST/STM32CubeIDE_1.17.0/STM32CubeIDE/plugins/com.st.stm32cube.ide.mcu.externaltools.gnu-tools-for-stm32.13.3.rel1.win32_1.0.0.202411081344/tools/bin/../lib/gcc/arm-none-eabi/13.3.1/../../../../arm-none-eabi/lib/thumb/v7e-m+fp/hard\libc_nano.a(libc_a-memset.o)
                              C:/ST/STM32CubeIDE_1.17.0/STM32CubeIDE/plugins/com.st.stm32cube.ide.mcu.externaltools.gnu-tools-for-stm32.13.3.rel1.win32_1.0.0.202411081344/tools/bin/../lib/gcc/arm-none-eabi/13.3.1/../../../../arm-none-eabi/lib/thumb/v7e-m+fp/hard/crt0.o (memset)
C:/ST/STM32CubeIDE_1.17.0/STM32CubeIDE/plugins/com.st.stm32cube.ide.mcu.externaltools.gnu-tools-for-stm32.13.3.rel1.win32_1.0.0.202411081344/tools/bin/../lib/gcc/arm-none-eabi/13.3.1/../../../../arm-none-eabi/lib/thumb/v7e-m+fp/hard\libc_nano.a(libc_a-closer.o)
                              C:/ST/STM32CubeIDE_1.17.0/STM32CubeIDE/plugins/com.st.stm32cube.ide.mcu.externaltools.gnu-tools-for-stm32.13.3.rel1.win32_1.0.0.202411081344/tools/bin/../lib/gcc/arm-none-eabi/13.3.1/../../../../arm-none-eabi/lib/thumb/v7e-m+fp/hard\libc_nano.a(libc_a-stdio.o) (_close_r)
C:/ST/STM32CubeIDE_1.17.0/STM32CubeIDE/plugins/com.st.stm32cube.ide.mcu.externaltools.gnu-tools-for-stm32.13.3.rel1.win32_1.0.0.202411081344/tools/bin/../lib/gcc/arm-none-eabi/13.3.1/../../../../arm-none-eabi/lib/thumb/v7e-m+fp/hard\libc_nano.a(libc_a-reent.o)
                              C:/ST/STM32CubeIDE_1.17.0/STM32CubeIDE/plugins/com.st.stm32cube.ide.mcu.externaltools.gnu-tools-for-stm32.13.3.rel1.win32_1.0.0.202411081344/tools/bin/../lib/gcc/arm-none-eabi/13.3.1/../../../../arm-none-eabi/lib/thumb/v7e-m+fp/hard\libc_nano.a(libc_a-closer.o) (errno)
C:/ST/STM32CubeIDE_1.17.0/STM32CubeIDE/plugins/com.st.stm32cube.ide.mcu.externaltools.gnu-tools-for-stm32.13.3.rel1.win32_1.0.0.202411081344/tools/bin/../lib/gcc/arm-none-eabi/13.3.1/../../../../arm-none-eabi/lib/thumb/v7e-m+fp/hard\libc_nano.a(libc_a-impure.o)
[...]
Memory Configuration

Name             Origin             Length             Attributes
CCMRAM           0x10000000         0x00010000         xrw
RAM              0x20000000         0x0002ff00         xrw
CRASH            0x2002ff00         0x00000100         xrw
FLASH            0x08000000         0x001f0000         xr
*default*        0x00000000         0xffffffff

Linker script and memory map

LOAD C:/ST/STM32CubeIDE_1.17.0/STM32CubeIDE/plugins/com.st.stm32cube.ide.mcu.externaltools.gnu-tools-for-stm32.13.3.rel1.win32_1.0.0.202411081344/tools/bin/../lib/gcc/arm-none-eabi/13.3.1/thumb/v7e-m+fp/hard/crti.o
LOAD C:/ST/STM32CubeIDE_1.17.0/STM32CubeIDE/plugins/com.st.stm32cube.ide.mcu.externaltools.gnu-tools-for-stm32.13.3.rel1.win32_1.0.0.202411081344/tools/bin/../lib/gcc/arm-none-eabi/13.3.1/thumb/v7e-m+fp/hard/crtbegin.o
LOAD C:/ST/STM32CubeIDE_1.17.0/STM32CubeIDE/plugins/com.st.stm32cube.ide.mcu.externaltools.gnu-tools-for-stm32.13.3.rel1.win32_1.0.0.202411081344/tools/bin/../lib/gcc/arm-none-eabi/13.3.1/../../../../arm-none-eabi/lib/thumb/v7e-m+fp/hard/crt0.o
LOAD ./Core/boot/Src/boot.o
LOAD ./Core/boot/Startup/startup_stm32f429zitx.o
LOAD ./Core/common/Src/clock.o
LOAD ./Core/common/Src/crashlog.o
LOAD ./Core/common/Src/eeplog.o
LOAD ./Core/common/Src/eepstate.o
LOAD ./Core/common/Src/gpio.o
LOAD ./Core/common/Src/i2c1.o
LOAD ./Core/common/Src/lcd2.o
LOAD ./Core/common/Src/stm32f4xx_it.o
LOAD ./Core/common/Src/syscalls.o
LOAD ./Core/common/Src/sysmem.o
LOAD ./Core/common/Src/system_stm32f4xx.o
LOAD ./Core/common/Src/timbase.o
LOAD ./Core/common/Src/uart6.o
START GROUP
LOAD C:/ST/STM32CubeIDE_1.17.0/STM32CubeIDE/plugins/com.st.stm32cube.ide.mcu.externaltools.gnu-tools-for-stm32.13.3.rel1.win32_1.0.0.202411081344/tools/bin/../lib/gcc/arm-none-eabi/13.3.1/../../../../arm-none-eabi/lib/thumb/v7e-m+fp/hard\libc_nano.a
LOAD C:/ST/STM32CubeIDE_1.17.0/STM32CubeIDE/plugins/com.st.stm32cube.ide.mcu.externaltools.gnu-tools-for-stm32.13.3.rel1.win32_1.0.0.202411081344/tools/bin/../lib/gcc/arm-none-eabi/13.3.1/../../../../arm-none-eabi/lib/thumb/v7e-m+fp/hard\libm.a
END GROUP
START GROUP
LOAD C:/ST/STM32CubeIDE_1.17.0/STM32CubeIDE/plugins/com.st.stm32cube.ide.mcu.externaltools.gnu-tools-for-stm32.13.3.rel1.win32_1.0.0.202411081344/tools/bin/../lib/gcc/arm-none-eabi/13.3.1/thumb/v7e-m+fp/hard\libgcc.a
LOAD C:/ST/STM32CubeIDE_1.17.0/STM32CubeIDE/plugins/com.st.stm32cube.ide.mcu.externaltools.gnu-tools-for-stm32.13.3.rel1.win32_1.0.0.202411081344/tools/bin/../lib/gcc/arm-none-eabi/13.3.1/../../../../arm-none-eabi/lib/thumb/v7e-m+fp/hard\libc_nano.a
END GROUP
START GROUP
LOAD C:/ST/STM32CubeIDE_1.17.0/STM32CubeIDE/plugins/com.st.stm32cube.ide.mcu.externaltools.gnu-tools-for-stm32.13.3.rel1.win32_1.0.0.202411081344/tools/bin/../lib/gcc/arm-none-eabi/13.3.1/thumb/v7e-m+fp/hard\libgcc.a
LOAD C:/ST/STM32CubeIDE_1.17.0/STM32CubeIDE/plugins/com.st.stm32cube.ide.mcu.externaltools.gnu-tools-for-stm32.13.3.rel1.win32_1.0.0.202411081344/tools/bin/../lib/gcc/arm-none-eabi/13.3.1/../../../../arm-none-eabi/lib/thumb/v7e-m+fp/hard\libc_nano.a
LOAD C:/ST/STM32CubeIDE_1.17.0/STM32CubeIDE/plugins/com.st.stm32cube.ide.mcu.externaltools.gnu-tools-for-stm32.13.3.rel1.win32_1.0.0.202411081344/tools/bin/../lib/gcc/arm-none-eabi/13.3.1/../../../../arm-none-eabi/lib/thumb/v7e-m+fp/hard\libnosys.a
END GROUP
START GROUP
LOAD C:/ST/STM32CubeIDE_1.17.0/STM32CubeIDE/plugins/com.st.stm32cube.ide.mcu.externaltools.gnu-tools-for-stm32.13.3.rel1.win32_1.0.0.202411081344/tools/bin/../lib/gcc/arm-none-eabi/13.3.1/thumb/v7e-m+fp/hard\libgcc.a
LOAD C:/ST/STM32CubeIDE_1.17.0/STM32CubeIDE/plugins/com.st.stm32cube.ide.mcu.externaltools.gnu-tools-for-stm32.13.3.rel1.win32_1.0.0.202411081344/tools/bin/../lib/gcc/arm-none-eabi/13.3.1/../../../../arm-none-eabi/lib/thumb/v7e-m+fp/hard\libc_nano.a
LOAD C:/ST/STM32CubeIDE_1.17.0/STM32CubeIDE/plugins/com.st.stm32cube.ide.mcu.externaltools.gnu-tools-for-stm32.13.3.rel1.win32_1.0.0.202411081344/tools/bin/../lib/gcc/arm-none-eabi/13.3.1/../../../../arm-none-eabi/lib/thumb/v7e-m+fp/hard\libnosys.a
END GROUP
LOAD C:/ST/STM32CubeIDE_1.17.0/STM32CubeIDE/plugins/com.st.stm32cube.ide.mcu.externaltools.gnu-tools-for-stm32.13.3.rel1.win32_1.0.0.202411081344/tools/bin/../lib/gcc/arm-none-eabi/13.3.1/thumb/v7e-m+fp/hard/crtend.o
LOAD C:/ST/STM32CubeIDE_1.17.0/STM32CubeIDE/plugins/com.st.stm32cube.ide.mcu.externaltools.gnu-tools-for-stm32.13.3.rel1.win32_1.0.0.202411081344/tools/bin/../lib/gcc/arm-none-eabi/13.3.1/thumb/v7e-m+fp/hard/crtn.o
                0x2002ff00                        _estack = (ORIGIN (RAM) + LENGTH (RAM))
                0x00000200                        _Min_Heap_Size = 0x200
                0x00000400                        _Min_Stack_Size = 0x400
                0x00000100                        CRASH_SIZE = 0x100

.isr_vector     0x08000000      0x1ac
                0x08000000                        . = ALIGN (0x4)
 *(.isr_vector)
 .isr_vector    0x08000000      0x1ac ./Core/boot/Startup/startup_stm32f429zitx.o
                0x08000000                g_pfnVectors
                0x080001ac                        . = ALIGN (0x4)

.text           0x080001ac     0x1978
                0x080001ac                        . = ALIGN (0x4)
 *(.text)
 .text          0x080001ac       0x40 C:/ST/STM32CubeIDE_1.17.0/STM32CubeIDE/plugins/com.st.stm32cube.ide.mcu.externaltools.gnu-tools-for-stm32.13.3.rel1.win32_1.0.0.202411081344/tools/bin/../lib/gcc/arm-none-eabi/13.3.1/thumb/v7e-m+fp/hard/crtbegin.o
 *(.text*)
 .text.crashlog_valid
                0x080001ec       0x30 ./Core/boot/Src/boot.o
 .text.main     0x0800021c       0x74 ./Core/boot/Src/boot.o
                0x0800021c                main
 .text.app_valid
                0x08000290       0x70 ./Core/boot/Src/boot.o
 .text.jump_to_app
                0x08000300       0xc0 ./Core/boot/Src/boot.o
 .text.Reset_Handler
                0x080003c0       0x50 ./Core/boot/Startup/startup_stm32f429zitx.o
                0x080003c0                Reset_Handler
 .text.Default_Handler
                0x08000410        0x2 ./Core/boot/Startup/startup_stm32f429zitx.o
                0x08000410                RTC_Alarm_IRQHandler
                0x08000410                HASH_RNG_IRQHandler
                0x08000410                EXTI2_IRQHandler
                0x08000410                TIM8_CC_IRQHandler
                0x08000410                UART8_IRQHandler
                0x08000410                SPI4_IRQHandler
                0x08000410                TIM1_CC_IRQHandler
                0x08000410                DMA2_Stream5_IRQHandler
                0x08000410                DMA1_Stream5_IRQHandler
                0x08000410                PVD_IRQHandler
                0x08000410                SDIO_IRQHandler
                0x08000410                TAMP_STAMP_IRQHandler
                0x08000410                CAN2_RX1_IRQHandler
                0x08000410                EXTI3_IRQHandler
                0x08000410                TIM8_TRG_COM_TIM14_IRQHandler
                0x08000410                TIM1_UP_TIM10_IRQHandler
                0x08000410                TIM8_UP_TIM13_IRQHandler
                0x08000410                I2C3_ER_IRQHandler
                0x08000410                EXTI0_IRQHandler
                0x08000410                I2C2_EV_IRQHandler
                0x08000410                DMA1_Stream2_IRQHandler
                0x08000410                CAN1_RX0_IRQHandler
                0x08000410                FPU_IRQHandler
                0x08000410                OTG_HS_WKUP_IRQHandler
                0x08000410                LTDC_ER_IRQHandler
                0x08000410                CAN2_SCE_IRQHandler
                0x08000410                DMA2_Stream2_IRQHandler
                0x08000410                SPI1_IRQHandler
                0x08000410                TIM6_DAC_IRQHandler
                0x08000410                TIM1_BRK_TIM9_IRQHandler
                0x08000410                DCMI_IRQHandler
                0x08000410                CAN2_RX0_IRQHandler
                0x08000410                DMA2_Stream3_IRQHandler
                0x08000410                USART6_IRQHandler
                0x08000410                USART3_IRQHandler
                0x08000410                CAN1_RX1_IRQHandler
                0x08000410                UART5_IRQHandler
                0x08000410                DMA2_Stream0_IRQHandler
                0x08000410                TIM4_IRQHandler
                0x08000410                I2C1_EV_IRQHandler
                0x08000410                DMA1_Stream6_IRQHandler
                0x08000410                DMA1_Stream1_IRQHandler
                0x08000410                UART4_IRQHandler
                0x08000410                TIM3_IRQHandler
                0x08000410                RCC_IRQHandler
                0x08000410                TIM8_BRK_TIM12_IRQHandler
                0x08000410                Default_Handler
                0x08000410                EXTI15_10_IRQHandler
                0x08000410                ADC_IRQHandler
                0x08000410                DMA1_Stream7_IRQHandler
                0x08000410                SPI5_IRQHandler
                0x08000410                TIM7_IRQHandler
                0x08000410                CAN2_TX_IRQHandler
                0x08000410                TIM5_IRQHandler
                0x08000410                DMA2_Stream7_IRQHandler
                0x08000410                I2C3_EV_IRQHandler
                0x08000410                EXTI9_5_IRQHandler
                0x08000410                RTC_WKUP_IRQHandler
                0x08000410                LTDC_IRQHandler
                0x08000410                ETH_WKUP_IRQHandler
                0x08000410                SPI2_IRQHandler
                0x08000410                OTG_HS_EP1_IN_IRQHandler
                0x08000410                DMA1_Stream0_IRQHandler
                0x08000410                CAN1_TX_IRQHandler
                0x08000410                EXTI4_IRQHandler
                0x08000410                ETH_IRQHandler
                0x08000410                OTG_HS_EP1_OUT_IRQHandler
                0x08000410                WWDG_IRQHandler
                0x08000410                SPI6_IRQHandler
                0x08000410                TIM2_IRQHandler
                0x08000410                OTG_FS_WKUP_IRQHandler
                0x08000410                TIM1_TRG_COM_TIM11_IRQHandler
                0x08000410                OTG_HS_IRQHandler
                0x08000410                DMA2D_IRQHandler
                0x08000410                EXTI1_IRQHandler
                0x08000410                UART7_IRQHandler
                0x08000410                USART2_IRQHandler
                0x08000410                I2C2_ER_IRQHandler
                0x08000410                DMA2_Stream1_IRQHandler
                0x08000410                CAN1_SCE_IRQHandler
                0x08000410                FLASH_IRQHandler
                0x08000410                DMA2_Stream4_IRQHandler
                0x08000410                USART1_IRQHandler
                0x08000410                OTG_FS_IRQHandler
                0x08000410                SPI3_IRQHandler
                0x08000410                DMA1_Stream4_IRQHandler
                0x08000410                I2C1_ER_IRQHandler
                0x08000410                FMC_IRQHandler
                0x08000410                DMA2_Stream6_IRQHandler
                0x08000410                SAI1_IRQHandler
                0x08000410                DMA1_Stream3_IRQHandler
 *fill*         0x08000412        0x2 
 .text.get_hclk
                0x08000414       0x18 ./Core/common/Src/clock.o
                0x08000414                get_hclk
 .text.get_pclk1
                0x0800042c       0x18 ./Core/common/Src/clock.o
                0x0800042c                get_pclk1
 .text.get_pclk2
                0x08000444       0x18 ./Core/common/Src/clock.o
                0x08000444                get_pclk2
 .text.wait_set
                0x0800045c       0x40 ./Core/common/Src/clock.o
 .text.wait_clear
                0x0800049c       0x40 ./Core/common/Src/clock.o
 .text.clock_update
                0x080004dc      0x1e0 ./Core/common/Src/clock.o
                0x080004dc                clock_update
 .text.hse_enable
                0x080006bc       0x44 ./Core/common/Src/clock.o
                0x080006bc                hse_enable
 .text.clock_hse_pll_168
                0x08000700      0x12c ./Core/common/Src/clock.o
                0x08000700                clock_hse_pll_168
 .text.crashlog_valid
                0x0800082c       0x30 ./Core/common/Src/eeplog.o
 .text.crashlog_clear
                0x0800085c       0x20 ./Core/common/Src/eeplog.o
 .text.eeloghdr_load
                0x0800087c       0xc8 ./Core/common/Src/eeplog.o
 .text.eelog_rec_addr
                0x08000944       0x2a ./Core/common/Src/eeplog.o
 .text.eelog_append
                0x0800096e       0xc0 ./Core/common/Src/eeplog.o
 *fill*         0x08000a2e        0x2 
 .text.boot_eeprom
                0x08000a30       0x80 ./Core/common/Src/eeplog.o
                0x08000a30                boot_eeprom
 .text.calc_xor
                0x08000ab0       0x40 ./Core/common/Src/eepstate.o
 .text.is_valid
                0x08000af0       0x54 ./Core/common/Src/eepstate.o
 .text.set_default
                0x08000b44       0xc0 ./Core/common/Src/eepstate.o
 .text.eestate_load
                0x08000c04      0x15a ./Core/common/Src/eepstate.o
                0x08000c04                eestate_load
 *fill*         0x08000d5e        0x2 
 .text.eestate_store_next
                0x08000d60       0x8c ./Core/common/Src/eepstate.o
                0x08000d60                eestate_store_next
 .text.eestate_boot_step
                0x08000dec       0xba ./Core/common/Src/eepstate.o
                0x08000dec                eestate_boot_step
 *fill*         0x08000ea6        0x2 
 .text.GPIO_Enable
                0x08000ea8       0x38 ./Core/common/Src/gpio.o
                0x08000ea8                GPIO_Enable
 .text.GPIO_AF  0x08000ee0       0xec ./Core/common/Src/gpio.o
                0x08000ee0                GPIO_AF
 .text.i2c1_init
                0x08000fcc      0x120 ./Core/common/Src/i2c1.o
                0x08000fcc                i2c1_init
 .text.i2c1_master_tx
                0x080010ec      0x19c ./Core/common/Src/i2c1.o
                0x080010ec                i2c1_master_tx
 .text.i2c1_master_rx
                0x08001288      0x288 ./Core/common/Src/i2c1.o
                0x08001288                i2c1_master_rx
 .text.i2c_SR1_ERR
                0x08001510       0x74 ./Core/common/Src/i2c1.o
                0x08001510                i2c_SR1_ERR
 .text.at24c256_read
                0x08001584       0x50 ./Core/common/Src/i2c1.o
                0x08001584                at24c256_read
 .text.at24c256_write
                0x080015d4       0x82 ./Core/common/Src/i2c1.o
                0x080015d4                at24c256_write
 *fill*         0x08001656        0x2 
 .text.__NVIC_SystemReset
                0x08001658       0x2c ./Core/common/Src/stm32f4xx_it.o
 .text.NMI_Handler
                0x08001684        0x8 ./Core/common/Src/stm32f4xx_it.o
                0x08001684                NMI_Handler
 .text.HardFault_Handler
                0x0800168c       0xac ./Core/common/Src/stm32f4xx_it.o
                0x0800168c                HardFault_Handler
 .text.MemManage_Handler
                0x08001738        0x8 ./Core/common/Src/stm32f4xx_it.o
                0x08001738                MemManage_Handler
 .text.BusFault_Handler
                0x08001740        0x8 ./Core/common/Src/stm32f4xx_it.o
                0x08001740                BusFault_Handler
 .text.UsageFault_Handler
                0x08001748        0x8 ./Core/common/Src/stm32f4xx_it.o
                0x08001748                UsageFault_Handler
 .text.SVC_Handler
                0x08001750        0xe ./Core/common/Src/stm32f4xx_it.o
                0x08001750                SVC_Handler
 .text.DebugMon_Handler
                0x0800175e        0xe ./Core/common/Src/stm32f4xx_it.o
                0x0800175e                DebugMon_Handler
 .text.PendSV_Handler
                0x0800176c        0xe ./Core/common/Src/stm32f4xx_it.o
                0x0800176c                PendSV_Handler
 .text.SysTick_Handler
                0x0800177a        0xc ./Core/common/Src/stm32f4xx_it.o
                0x0800177a                SysTick_Handler
 *fill*         0x08001786        0x2 
 .text.SystemInit
                0x08001788       0x24 ./Core/common/Src/system_stm32f4xx.o
                0x08001788                SystemInit
 .text.timebase_isr_tick
                0x080017ac       0x1c ./Core/common/Src/timbase.o
                0x080017ac                timebase_isr_tick
 .text.sys_init
                0x080017c8       0x40 ./Core/common/Src/timbase.o
                0x080017c8                sys_init
 .text.delay    0x08001808       0x2a ./Core/common/Src/timbase.o
                0x08001808                delay
 *fill*         0x08001832        0x2 
 .text.millis   0x08001834       0x18 ./Core/common/Src/timbase.o
                0x08001834                millis
 .text.USART6_INIT
                0x0800184c       0xb0 ./Core/common/Src/uart6.o
                0x0800184c                USART6_INIT
 .text.uart_putc
                0x080018fc       0x44 ./Core/common/Src/uart6.o
                0x080018fc                uart_putc
 .text.uart_puts
                0x08001940       0x70 ./Core/common/Src/uart6.o
                0x08001940                uart_puts
 .text.uart_set_baud
                0x080019b0       0x8e ./Core/common/Src/uart6.o
                0x080019b0                uart_set_baud
 .text.uart_put_hex32
                0x08001a3e       0x54 ./Core/common/Src/uart6.o
                0x08001a3e                uart_put_hex32
 .text.memcmp   0x08001a92       0x20 C:/ST/STM32CubeIDE_1.17.0/STM32CubeIDE/plugins/com.st.stm32cube.ide.mcu.externaltools.gnu-tools-for-stm32.13.3.rel1.win32_1.0.0.202411081344/tools/bin/../lib/gcc/arm-none-eabi/13.3.1/../../../../arm-none-eabi/lib/thumb/v7e-m+fp/hard\libc_nano.a(libc_a-memcmp.o)
                0x08001a92                memcmp
 .text.memset   0x08001ab2       0x10 C:/ST/STM32CubeIDE_1.17.0/STM32CubeIDE/plugins/com.st.stm32cube.ide.mcu.externaltools.gnu-tools-for-stm32.13.3.rel1.win32_1.0.0.202411081344/tools/bin/../lib/gcc/arm-none-eabi/13.3.1/../../../../arm-none-eabi/lib/thumb/v7e-m+fp/hard\libc_nano.a(libc_a-memset.o)
                0x08001ab2                memset
 *fill*         0x08001ac2        0x2 
 .text.__libc_init_array
                0x08001ac4       0x48 C:/ST/STM32CubeIDE_1.17.0/STM32CubeIDE/plugins/com.st.stm32cube.ide.mcu.externaltools.gnu-tools-for-stm32.13.3.rel1.win32_1.0.0.202411081344/tools/bin/../lib/gcc/arm-none-eabi/13.3.1/../../../../arm-none-eabi/lib/thumb/v7e-m+fp/hard\libc_nano.a(libc_a-init.o)
                0x08001ac4                __libc_init_array
 *(.glue_7)
 .glue_7        0x08001b0c        0x0 linker stubs
 *(.glue_7t)
 .glue_7t       0x08001b0c        0x0 linker stubs
 *(.eh_frame)
 .eh_frame      0x08001b0c        0x0 C:/ST/STM32CubeIDE_1.17.0/STM32CubeIDE/plugins/com.st.stm32cube.ide.mcu.externaltools.gnu-tools-for-stm32.13.3.rel1.win32_1.0.0.202411081344/tools/bin/../lib/gcc/arm-none-eabi/13.3.1/thumb/v7e-m+fp/hard/crtbegin.o
 *(.init)
 .init          0x08001b0c        0x4 C:/ST/STM32CubeIDE_1.17.0/STM32CubeIDE/plugins/com.st.stm32cube.ide.mcu.externaltools.gnu-tools-for-stm32.13.3.rel1.win32_1.0.0.202411081344/tools/bin/../lib/gcc/arm-none-eabi/13.3.1/thumb/v7e-m+fp/hard/crti.o
                0x08001b0c                _init
 .init          0x08001b10        0x8 C:/ST/STM32CubeIDE_1.17.0/STM32CubeIDE/plugins/com.st.stm32cube.ide.mcu.externaltools.gnu-tools-for-stm32.13.3.rel1.win32_1.0.0.202411081344/tools/bin/../lib/gcc/arm-none-eabi/13.3.1/thumb/v7e-m+fp/hard/crtn.o
 *(.fini)
 .fini          0x08001b18        0x4 C:/ST/STM32CubeIDE_1.17.0/STM32CubeIDE/plugins/com.st.stm32cube.ide.mcu.externaltools.gnu-tools-for-stm32.13.3.rel1.win32_1.0.0.202411081344/tools/bin/../lib/gcc/arm-none-eabi/13.3.1/thumb/v7e-m+fp/hard/crti.o
                0x08001b18                _fini
 .fini          0x08001b1c        0x8 C:/ST/STM32CubeIDE_1.17.0/STM32CubeIDE/plugins/com.st.stm32cube.ide.mcu.externaltools.gnu-tools-for-stm32.13.3.rel1.win32_1.0.0.202411081344/tools/bin/../lib/gcc/arm-none-eabi/13.3.1/thumb/v7e-m+fp/hard/crtn.o
                0x08001b24                        . = ALIGN (0x4)
                0x08001b24                        _etext = .

.vfp11_veneer   0x08001b24        0x0
 .vfp11_veneer  0x08001b24        0x0 linker stubs

.v4_bx          0x08001b24        0x0
 .v4_bx         0x08001b24        0x0 linker stubs

.iplt           0x08001b24        0x0
 .iplt          0x08001b24        0x0 C:/ST/STM32CubeIDE_1.17.0/STM32CubeIDE/plugins/com.st.stm32cube.ide.mcu.externaltools.gnu-tools-for-stm32.13.3.rel1.win32_1.0.0.202411081344/tools/bin/../lib/gcc/arm-none-eabi/13.3.1/thumb/v7e-m+fp/hard/crtbegin.o

.rodata         0x08001b24      0x130
                0x08001b24                        . = ALIGN (0x4)
 *(.rodata)
 .rodata        0x08001b24        0xc ./Core/boot/Src/boot.o
 .rodata        0x08001b30       0xf1 ./Core/common/Src/eeplog.o
 *(.rodata*)
 *fill*         0x08001c21        0x3 
 .rodata.apb_tbl
                0x08001c24        0x8 ./Core/common/Src/clock.o
                0x08001c24                apb_tbl
 .rodata.ahb_tbl
                0x08001c2c       0x20 ./Core/common/Src/clock.o
                0x08001c2c                ahb_tbl
 .rodata.pllp_tbl
                0x08001c4c        0x8 ./Core/common/Src/clock.o
                0x08001c54                        . = ALIGN (0x4)

.ARM.extab      0x08001c54        0x0
                0x08001c54                        . = ALIGN (0x4)
 *(.ARM.extab* .gnu.linkonce.armextab.*)
                0x08001c54                        . = ALIGN (0x4)

.ARM            0x08001c54        0x0
                0x08001c54                        . = ALIGN (0x4)
                0x08001c54                        __exidx_start = .
 *(.ARM.exidx*)
                0x08001c54                        __exidx_end = .
                0x08001c54                        . = ALIGN (0x4)

.preinit_array  0x08001c54        0x0
                0x08001c54                        . = ALIGN (0x4)
                0x08001c54                        PROVIDE (__preinit_array_start = .)
 *(.preinit_array*)
                0x08001c54                        PROVIDE (__preinit_array_end = .)
                0x08001c54                        . = ALIGN (0x4)

.init_array     0x08001c54        0x4
                0x08001c54                        . = ALIGN (0x4)
                0x08001c54                        PROVIDE (__init_array_start = .)
 *(SORT_BY_NAME(.init_array.*))
 *(.init_array*)
 .init_array    0x08001c54        0x4 C:/ST/STM32CubeIDE_1.17.0/STM32CubeIDE/plugins/com.st.stm32cube.ide.mcu.externaltools.gnu-tools-for-stm32.13.3.rel1.win32_1.0.0.202411081344/tools/bin/../lib/gcc/arm-none-eabi/13.3.1/thumb/v7e-m+fp/hard/crtbegin.o
                0x08001c58                        PROVIDE (__init_array_end = .)
                0x08001c58                        . = ALIGN (0x4)

.fini_array     0x08001c58        0x4
                0x08001c58                        . = ALIGN (0x4)
                [!provide]                        PROVIDE (__fini_array_start = .)
 *(SORT_BY_NAME(.fini_array.*))
 *(.fini_array*)
 .fini_array    0x08001c58        0x4 C:/ST/STM32CubeIDE_1.17.0/STM32CubeIDE/plugins/com.st.stm32cube.ide.mcu.externaltools.gnu-tools-for-stm32.13.3.rel1.win32_1.0.0.202411081344/tools/bin/../lib/gcc/arm-none-eabi/13.3.1/thumb/v7e-m+fp/hard/crtbegin.o
                [!provide]                        PROVIDE (__fini_array_end = .)
                0x08001c5c                        . = ALIGN (0x4)
                0x08001c5c                        _sidata = LOADADDR (.data)

.rel.dyn        0x08001c5c        0x0
 .rel.iplt      0x08001c5c        0x0 C:/ST/STM32CubeIDE_1.17.0/STM32CubeIDE/plugins/com.st.stm32cube.ide.mcu.externaltools.gnu-tools-for-stm32.13.3.rel1.win32_1.0.0.202411081344/tools/bin/../lib/gcc/arm-none-eabi/13.3.1/thumb/v7e-m+fp/hard/crtbegin.o

.data           0x20000000        0x0 load address 0x08001c5c
                0x20000000                        . = ALIGN (0x4)
                0x20000000                        _sdata = .
 *(.data)
 *(.data*)
 *(.RamFunc)
 *(.RamFunc*)
                0x20000000                        . = ALIGN (0x4)
                0x20000000                        _edata = .
                0x08001c5c                        _siccmram = LOADADDR (.ccmram)

.igot.plt       0x20000000        0x0 load address 0x08001c5c
 .igot.plt      0x20000000        0x0 C:/ST/STM32CubeIDE_1.17.0/STM32CubeIDE/plugins/com.st.stm32cube.ide.mcu.externaltools.gnu-tools-for-stm32.13.3.rel1.win32_1.0.0.202411081344/tools/bin/../lib/gcc/arm-none-eabi/13.3.1/thumb/v7e-m+fp/hard/crtbegin.o

.ccmram         0x10000000        0x0 load address 0x08001c5c
                0x10000000                        . = ALIGN (0x4)
                0x10000000                        _sccmram = .
 *(.ccmram)
 *(.ccmram*)
                0x10000000                        . = ALIGN (0x4)
                0x10000000                        _eccmram = .
                0x10000000                        . = ALIGN (0x4)

.bss            0x20000000       0x2c
                0x20000000                        _sbss = .
                0x20000000                        __bss_start__ = _sbss
 *(.bss)
 .bss           0x20000000       0x1c C:/ST/STM32CubeIDE_1.17.0/STM32CubeIDE/plugins/com.st.stm32cube.ide.mcu.externaltools.gnu-tools-for-stm32.13.3.rel1.win32_1.0.0.202411081344/tools/bin/../lib/gcc/arm-none-eabi/13.3.1/thumb/v7e-m+fp/hard/crtbegin.o
 *(.bss*)
 .bss.j_hclk    0x2000001c        0x4 ./Core/common/Src/clock.o
 .bss.j_pclk1   0x20000020        0x4 ./Core/common/Src/clock.o
 .bss.j_pclk2   0x20000024        0x4 ./Core/common/Src/clock.o
 .bss.sys_ms    0x20000028        0x4 ./Core/common/Src/timbase.o
 *(COMMON)
                0x2000002c                        . = ALIGN (0x4)
                0x2000002c                        _ebss = .
                0x2000002c                        __bss_end__ = _ebss

._user_heap_stack
                0x2000002c      0x604
                0x20000030                        . = ALIGN (0x8)
 *fill*         0x2000002c        0x4 
                [!provide]                        PROVIDE (end = .)
                0x20000030                        PROVIDE (_end = .)
                0x20000230                        . = (. + _Min_Heap_Size)
 *fill*         0x20000030      0x200 
                0x20000630                        . = (. + _Min_Stack_Size)
 *fill*         0x20000230      0x400 
                0x20000630                        . = ALIGN (0x8)

.noinit.crash   0x2002ff00       0x40
                0x2002ff00                        . = ALIGN (0x4)
 *(.noinit.crash)
 .noinit.crash  0x2002ff00       0x40 ./Core/common/Src/crashlog.o
                0x2002ff00                g_crashlog
                0x2002ff40                        . = ALIGN (0x4)

/DISCARD/
 libc.a(*)
 libm.a(*)
 libgcc.a(*)

.ARM.attributes
                0x00000000       0x30
 *(.ARM.attributes)
 .ARM.attributes
                0x00000000       0x22 C:/ST/STM32CubeIDE_1.17.0/STM32CubeIDE/plugins/com.st.stm32cube.ide.mcu.externaltools.gnu-tools-for-stm32.13.3.rel1.win32_1.0.0.202411081344/tools/bin/../lib/gcc/arm-none-eabi/13.3.1/thumb/v7e-m+fp/hard/crti.o
 .ARM.attributes
                0x00000022       0x34 C:/ST/STM32CubeIDE_1.17.0/STM32CubeIDE/plugins/com.st.stm32cube.ide.mcu.externaltools.gnu-tools-for-stm32.13.3.rel1.win32_1.0.0.202411081344/tools/bin/../lib/gcc/arm-none-eabi/13.3.1/thumb/v7e-m+fp/hard/crtbegin.o
 .ARM.attributes
                0x00000056       0x34 ./Core/boot/Src/boot.o
 .ARM.attributes
                0x0000008a       0x21 ./Core/boot/Startup/startup_stm32f429zitx.o
 .ARM.attributes
                0x000000ab       0x34 ./Core/common/Src/clock.o
 .ARM.attributes
                0x000000df       0x34 ./Core/common/Src/crashlog.o
 .ARM.attributes
                0x00000113       0x34 ./Core/common/Src/eeplog.o
 .ARM.attributes
                0x00000147       0x34 ./Core/common/Src/eepstate.o
 .ARM.attributes
                0x0000017b       0x34 ./Core/common/Src/gpio.o
 .ARM.attributes
                0x000001af       0x34 ./Core/common/Src/i2c1.o
 .ARM.attributes
                0x000001e3       0x34 ./Core/common/Src/stm32f4xx_it.o
 .ARM.attributes
                0x00000217       0x34 ./Core/common/Src/system_stm32f4xx.o
 .ARM.attributes
                0x0000024b       0x34 ./Core/common/Src/timbase.o
 .ARM.attributes
                0x0000027f       0x34 ./Core/common/Src/uart6.o
 .ARM.attributes
                0x000002b3       0x34 C:/ST/STM32CubeIDE_1.17.0/STM32CubeIDE/plugins/com.st.stm32cube.ide.mcu.externaltools.gnu-tools-for-stm32.13.3.rel1.win32_1.0.0.202411081344/tools/bin/../lib/gcc/arm-none-eabi/13.3.1/../../../../arm-none-eabi/lib/thumb/v7e-m+fp/hard\libc_nano.a(libc_a-memcmp.o)
 .ARM.attributes
                0x000002e7       0x34 C:/ST/STM32CubeIDE_1.17.0/STM32CubeIDE/plugins/com.st.stm32cube.ide.mcu.externaltools.gnu-tools-for-stm32.13.3.rel1.win32_1.0.0.202411081344/tools/bin/../lib/gcc/arm-none-eabi/13.3.1/../../../../arm-none-eabi/lib/thumb/v7e-m+fp/hard\libc_nano.a(libc_a-memset.o)
 .ARM.attributes
                0x0000031b       0x34 C:/ST/STM32CubeIDE_1.17.0/STM32CubeIDE/plugins/com.st.stm32cube.ide.mcu.externaltools.gnu-tools-for-stm32.13.3.rel1.win32_1.0.0.202411081344/tools/bin/../lib/gcc/arm-none-eabi/13.3.1/../../../../arm-none-eabi/lib/thumb/v7e-m+fp/hard\libc_nano.a(libc_a-init.o)
 .ARM.attributes
                0x0000034f       0x22 C:/ST/STM32CubeIDE_1.17.0/STM32CubeIDE/plugins/com.st.stm32cube.ide.mcu.externaltools.gnu-tools-for-stm32.13.3.rel1.win32_1.0.0.202411081344/tools/bin/../lib/gcc/arm-none-eabi/13.3.1/thumb/v7e-m+fp/hard/crtn.o
OUTPUT(no-codegen.elf elf32-littlearm)
LOAD linker stubs
LOAD C:/ST/STM32CubeIDE_1.17.0/STM32CubeIDE/plugins/com.st.stm32cube.ide.mcu.externaltools.gnu-tools-for-stm32.13.3.rel1.win32_1.0.0.202411081344/tools/bin/../lib/gcc/arm-none-eabi/13.3.1/../../../../arm-none-eabi/lib/thumb/v7e-m+fp/hard\libc.a
LOAD C:/ST/STM32CubeIDE_1.17.0/STM32CubeIDE/plugins/com.st.stm32cube.ide.mcu.externaltools.gnu-tools-for-stm32.13.3.rel1.win32_1.0.0.202411081344/tools/bin/../lib/gcc/arm-none-eabi/13.3.1/../../../../arm-none-eabi/lib/thumb/v7e-m+fp/hard\libm.a
LOAD C:/ST/STM32CubeIDE_1.17.0/STM32CubeIDE/plugins/com.st.stm32cube.ide.mcu.externaltools.gnu-tools-for-stm32.13.3.rel1.win32_1.0.0.202411081344/tools/bin/../lib/gcc/arm-none-eabi/13.3.1/thumb/v7e-m+fp/hard\libgcc.a

.debug_info     0x00000000     0x2958
 .debug_info    0x00000000      0x3f0 ./Core/boot/Src/boot.o
 .debug_info    0x000003f0       0x30 ./Core/boot/Startup/startup_stm32f429zitx.o
 .debug_info    0x00000420      0x31d ./Core/common/Src/clock.o
 .debug_info    0x0000073d      0x167 ./Core/common/Src/crashlog.o
 .debug_info    0x000008a4      0x4b3 ./Core/common/Src/eeplog.o
 .debug_info    0x00000d57      0x413 ./Core/common/Src/eepstate.o
 .debug_info    0x0000116a      0x296 ./Core/common/Src/gpio.o
 .debug_info    0x00001400      0x427 ./Core/common/Src/i2c1.o
 .debug_info    0x00001827      0x4ca ./Core/common/Src/stm32f4xx_it.o
 .debug_info    0x00001cf1      0x527 ./Core/common/Src/system_stm32f4xx.o
 .debug_info    0x00002218      0x366 ./Core/common/Src/timbase.o
 .debug_info    0x0000257e      0x3da ./Core/common/Src/uart6.o

.debug_abbrev   0x00000000     0x1051
 .debug_abbrev  0x00000000      0x210 ./Core/boot/Src/boot.o
 .debug_abbrev  0x00000210       0x24 ./Core/boot/Startup/startup_stm32f429zitx.o
 .debug_abbrev  0x00000234      0x15c ./Core/common/Src/clock.o
 .debug_abbrev  0x00000390       0xa7 ./Core/common/Src/crashlog.o
 .debug_abbrev  0x00000437      0x1dc ./Core/common/Src/eeplog.o
 .debug_abbrev  0x00000613      0x179 ./Core/common/Src/eepstate.o
 .debug_abbrev  0x0000078c       0xf1 ./Core/common/Src/gpio.o
 .debug_abbrev  0x0000087d      0x1ed ./Core/common/Src/i2c1.o
 .debug_abbrev  0x00000a6a      0x1e6 ./Core/common/Src/stm32f4xx_it.o
 .debug_abbrev  0x00000c50      0x11a ./Core/common/Src/system_stm32f4xx.o
 .debug_abbrev  0x00000d6a      0x170 ./Core/common/Src/timbase.o
 .debug_abbrev  0x00000eda      0x177 ./Core/common/Src/uart6.o

.debug_aranges  0x00000000      0x340
 .debug_aranges
                0x00000000       0x38 ./Core/boot/Src/boot.o
 .debug_aranges
                0x00000038       0x28 ./Core/boot/Startup/startup_stm32f429zitx.o
 .debug_aranges
                0x00000060       0x58 ./Core/common/Src/clock.o
 .debug_aranges
                0x000000b8       0x18 ./Core/common/Src/crashlog.o
 .debug_aranges
                0x000000d0       0x50 ./Core/common/Src/eeplog.o
 .debug_aranges
                0x00000120       0x58 ./Core/common/Src/eepstate.o
 .debug_aranges
                0x00000178       0x30 ./Core/common/Src/gpio.o
 .debug_aranges
                0x000001a8       0x50 ./Core/common/Src/i2c1.o
 .debug_aranges
                0x000001f8       0x68 ./Core/common/Src/stm32f4xx_it.o
 .debug_aranges
                0x00000260       0x28 ./Core/common/Src/system_stm32f4xx.o
 .debug_aranges
                0x00000288       0x68 ./Core/common/Src/timbase.o
 .debug_aranges
                0x000002f0       0x50 ./Core/common/Src/uart6.o

.debug_rnglists
                0x00000000      0x240
 .debug_rnglists
                0x00000000       0x26 ./Core/boot/Src/boot.o
 .debug_rnglists
                0x00000026       0x19 ./Core/boot/Startup/startup_stm32f429zitx.o
 .debug_rnglists
                0x0000003f       0x3f ./Core/common/Src/clock.o
 .debug_rnglists
                0x0000007e       0x3b ./Core/common/Src/eeplog.o
 .debug_rnglists
                0x000000b9       0x41 ./Core/common/Src/eepstate.o
 .debug_rnglists
                0x000000fa       0x21 ./Core/common/Src/gpio.o
 .debug_rnglists
                0x0000011b       0x3c ./Core/common/Src/i2c1.o
 .debug_rnglists
                0x00000157       0x4a ./Core/common/Src/stm32f4xx_it.o
 .debug_rnglists
                0x000001a1       0x1a ./Core/common/Src/system_stm32f4xx.o
 .debug_rnglists
                0x000001bb       0x4c ./Core/common/Src/timbase.o
 .debug_rnglists
                0x00000207       0x39 ./Core/common/Src/uart6.o

.debug_macro    0x00000000    0x1bc4e
 .debug_macro   0x00000000      0x213 ./Core/boot/Src/boot.o
 .debug_macro   0x00000213      0xad8 ./Core/boot/Src/boot.o
 .debug_macro   0x00000ceb       0x22 ./Core/boot/Src/boot.o
 .debug_macro   0x00000d0d       0x8e ./Core/boot/Src/boot.o
 .debug_macro   0x00000d9b       0x51 ./Core/boot/Src/boot.o
 .debug_macro   0x00000dec      0x103 ./Core/boot/Src/boot.o
 .debug_macro   0x00000eef       0x6a ./Core/boot/Src/boot.o
 .debug_macro   0x00000f59      0x1df ./Core/boot/Src/boot.o
 .debug_macro   0x00001138       0x2e ./Core/boot/Src/boot.o
 .debug_macro   0x00001166       0x28 ./Core/boot/Src/boot.o
 .debug_macro   0x0000118e       0x1c ./Core/boot/Src/boot.o
 .debug_macro   0x000011aa       0x22 ./Core/boot/Src/boot.o
 .debug_macro   0x000011cc       0xfb ./Core/boot/Src/boot.o
 .debug_macro   0x000012c7     0x1011 ./Core/boot/Src/boot.o
 .debug_macro   0x000022d8      0x11f ./Core/boot/Src/boot.o
 .debug_macro   0x000023f7    0x17ff1 ./Core/boot/Src/boot.o
 .debug_macro   0x0001a3e8       0x6d ./Core/boot/Src/boot.o
 .debug_macro   0x0001a455      0x1c6 ./Core/boot/Src/boot.o
 .debug_macro   0x0001a61b       0x10 ./Core/boot/Src/boot.o
 .debug_macro   0x0001a62b       0x10 ./Core/boot/Src/boot.o
 .debug_macro   0x0001a63b       0x46 ./Core/boot/Src/boot.o
 .debug_macro   0x0001a681       0x61 ./Core/boot/Src/boot.o
 .debug_macro   0x0001a6e2       0x2a ./Core/boot/Src/boot.o
 .debug_macro   0x0001a70c       0x43 ./Core/boot/Src/boot.o
 .debug_macro   0x0001a74f       0x34 ./Core/boot/Src/boot.o
 .debug_macro   0x0001a783      0x190 ./Core/boot/Src/boot.o
 .debug_macro   0x0001a913      0x370 ./Core/boot/Src/boot.o
 .debug_macro   0x0001ac83       0x16 ./Core/boot/Src/boot.o
 .debug_macro   0x0001ac99       0x4a ./Core/boot/Src/boot.o
 .debug_macro   0x0001ace3       0x34 ./Core/boot/Src/boot.o
 .debug_macro   0x0001ad17       0x10 ./Core/boot/Src/boot.o
 .debug_macro   0x0001ad27       0x58 ./Core/boot/Src/boot.o
 .debug_macro   0x0001ad7f       0x8e ./Core/boot/Src/boot.o
 .debug_macro   0x0001ae0d       0x1c ./Core/boot/Src/boot.o
 .debug_macro   0x0001ae29      0x185 ./Core/boot/Src/boot.o
 .debug_macro   0x0001afae       0x10 ./Core/boot/Src/boot.o
 .debug_macro   0x0001afbe       0x3c ./Core/boot/Src/boot.o
 .debug_macro   0x0001affa       0x20 ./Core/boot/Src/boot.o
 .debug_macro   0x0001b01a       0x94 ./Core/common/Src/clock.o
 .debug_macro   0x0001b0ae      0x1c0 ./Core/common/Src/clock.o
 .debug_macro   0x0001b26e       0x6c ./Core/common/Src/crashlog.o
 .debug_macro   0x0001b2da      0x162 ./Core/common/Src/eeplog.o
 .debug_macro   0x0001b43c       0x5b ./Core/common/Src/eeplog.o
 .debug_macro   0x0001b497       0x94 ./Core/common/Src/eeplog.o
 .debug_macro   0x0001b52b       0x57 ./Core/common/Src/eeplog.o
 .debug_macro   0x0001b582      0x143 ./Core/common/Src/eepstate.o
 .debug_macro   0x0001b6c5       0x7c ./Core/common/Src/gpio.o
 .debug_macro   0x0001b741       0xa2 ./Core/common/Src/i2c1.o
 .debug_macro   0x0001b7e3      0x141 ./Core/common/Src/stm32f4xx_it.o
 .debug_macro   0x0001b924      0x136 ./Core/common/Src/stm32f4xx_it.o
 .debug_macro   0x0001ba5a       0xda ./Core/common/Src/system_stm32f4xx.o
 .debug_macro   0x0001bb34       0x9a ./Core/common/Src/timbase.o
 .debug_macro   0x0001bbce       0x80 ./Core/common/Src/uart6.o

.debug_line     0x00000000     0x4e6a
 .debug_line    0x00000000      0x865 ./Core/boot/Src/boot.o
 .debug_line    0x00000865       0x7a ./Core/boot/Startup/startup_stm32f429zitx.o
 .debug_line    0x000008df      0x6ef ./Core/common/Src/clock.o
 .debug_line    0x00000fce      0x41e ./Core/common/Src/crashlog.o
 .debug_line    0x000013ec      0x7ed ./Core/common/Src/eeplog.o
 .debug_line    0x00001bd9      0x84b ./Core/common/Src/eepstate.o
 .debug_line    0x00002424      0x55b ./Core/common/Src/gpio.o
 .debug_line    0x0000297f      0xadb ./Core/common/Src/i2c1.o
 .debug_line    0x0000345a      0x726 ./Core/common/Src/stm32f4xx_it.o
 .debug_line    0x00003b80      0x56d ./Core/common/Src/system_stm32f4xx.o
 .debug_line    0x000040ed      0x6c3 ./Core/common/Src/timbase.o
 .debug_line    0x000047b0      0x6ba ./Core/common/Src/uart6.o

.debug_str      0x00000000    0x98fd7
 .debug_str     0x00000000    0x98fd7 ./Core/boot/Src/boot.o
                              0x982d0 (size before relaxing)
 .debug_str     0x00098fd7       0x72 ./Core/boot/Startup/startup_stm32f429zitx.o
 .debug_str     0x00098fd7     0x50e9 ./Core/common/Src/clock.o
 .debug_str     0x00098fd7     0x3e1a ./Core/common/Src/crashlog.o
 .debug_str     0x00098fd7     0x7600 ./Core/common/Src/eeplog.o
 .debug_str     0x00098fd7     0x7571 ./Core/common/Src/eepstate.o
 .debug_str     0x00098fd7     0x512c ./Core/common/Src/gpio.o
 .debug_str     0x00098fd7     0x51b7 ./Core/common/Src/i2c1.o
 .debug_str     0x00098fd7    0x95257 ./Core/common/Src/stm32f4xx_it.o
 .debug_str     0x00098fd7    0x93a19 ./Core/common/Src/system_stm32f4xx.o
 .debug_str     0x00098fd7     0x51a7 ./Core/common/Src/timbase.o
 .debug_str     0x00098fd7     0x519a ./Core/common/Src/uart6.o

.comment        0x00000000       0x43
 .comment       0x00000000       0x43 ./Core/boot/Src/boot.o
                                 0x44 (size before relaxing)
 .comment       0x00000043       0x44 ./Core/common/Src/clock.o
 .comment       0x00000043       0x44 ./Core/common/Src/crashlog.o
 .comment       0x00000043       0x44 ./Core/common/Src/eeplog.o
 .comment       0x00000043       0x44 ./Core/common/Src/eepstate.o
 .comment       0x00000043       0x44 ./Core/common/Src/gpio.o
 .comment       0x00000043       0x44 ./Core/common/Src/i2c1.o
 .comment       0x00000043       0x44 ./Core/common/Src/stm32f4xx_it.o
 .comment       0x00000043       0x44 ./Core/common/Src/system_stm32f4xx.o
 .comment       0x00000043       0x44 ./Core/common/Src/timbase.o
 .comment       0x00000043       0x44 ./Core/common/Src/uart6.o

.debug_frame    0x00000000      0xa10
 .debug_frame   0x00000000       0x9c ./Core/boot/Src/boot.o
 .debug_frame   0x0000009c      0x120 ./Core/common/Src/clock.o
 .debug_frame   0x000001bc      0x10c ./Core/common/Src/eeplog.o
 .debug_frame   0x000002c8      0x148 ./Core/common/Src/eepstate.o
 .debug_frame   0x00000410       0x80 ./Core/common/Src/gpio.o
 .debug_frame   0x00000490      0x10c ./Core/common/Src/i2c1.o
 .debug_frame   0x0000059c      0x124 ./Core/common/Src/stm32f4xx_it.o
 .debug_frame   0x000006c0       0x58 ./Core/common/Src/system_stm32f4xx.o
 .debug_frame   0x00000718      0x16c ./Core/common/Src/timbase.o
 .debug_frame   0x00000884      0x118 ./Core/common/Src/uart6.o
 .debug_frame   0x0000099c       0x28 C:/ST/STM32CubeIDE_1.17.0/STM32CubeIDE/plugins/com.st.stm32cube.ide.mcu.externaltools.gnu-tools-for-stm32.13.3.rel1.win32_1.0.0.202411081344/tools/bin/../lib/gcc/arm-none-eabi/13.3.1/../../../../arm-none-eabi/lib/thumb/v7e-m+fp/hard\libc_nano.a(libc_a-memcmp.o)
 .debug_frame   0x000009c4       0x20 C:/ST/STM32CubeIDE_1.17.0/STM32CubeIDE/plugins/com.st.stm32cube.ide.mcu.externaltools.gnu-tools-for-stm32.13.3.rel1.win32_1.0.0.202411081344/tools/bin/../lib/gcc/arm-none-eabi/13.3.1/../../../../arm-none-eabi/lib/thumb/v7e-m+fp/hard\libc_nano.a(libc_a-memset.o)
 .debug_frame   0x000009e4       0x2c C:/ST/STM32CubeIDE_1.17.0/STM32CubeIDE/plugins/com.st.stm32cube.ide.mcu.externaltools.gnu-tools-for-stm32.13.3.rel1.win32_1.0.0.202411081344/tools/bin/../lib/gcc/arm-none-eabi/13.3.1/../../../../arm-none-eabi/lib/thumb/v7e-m+fp/hard\libc_nano.a(libc_a-init.o)

.debug_line_str
                0x00000000       0x56
 .debug_line_str
                0x00000000       0x56 ./Core/boot/Startup/startup_stm32f429zitx.o
