Archive member included to satisfy reference by file (symbol)

C:/ST/STM32CubeIDE_1.17.0/STM32CubeIDE/plugins/com.st.stm32cube.ide.mcu.externaltools.gnu-tools-for-stm32.13.3.rel1.win32_1.0.0.202411081344/tools/bin/../lib/gcc/arm-none-eabi/13.3.1/../../../../arm-none-eabi/lib/thumb/v7e-m+fp/hard\libc_nano.a(libc_a-exit.o)
                              C:/ST/STM32CubeIDE_1.17.0/STM32CubeIDE/plugins/com.st.stm32cube.ide.mcu.externaltools.gnu-tools-for-stm32.13.3.rel1.win32_1.0.0.202411081344/tools/bin/../lib/gcc/arm-none-eabi/13.3.1/../../../../arm-none-eabi/lib/thumb/v7e-m+fp/hard/crt0.o (exit)
C:/ST/STM32CubeIDE_1.17.0/STM32CubeIDE/plugins/com.st.stm32cube.ide.mcu.externaltools.gnu-tools-for-stm32.13.3.rel1.win32_1.0.0.202411081344/tools/bin/../lib/gcc/arm-none-eabi/13.3.1/../../../../arm-none-eabi/lib/thumb/v7e-m+fp/hard\libc_nano.a(libc_a-findfp.o)
                              C:/ST/STM32CubeIDE_1.17.0/STM32CubeIDE/plugins/com.st.stm32cube.ide.mcu.externaltools.gnu-tools-for-stm32.13.3.rel1.win32_1.0.0.202411081344/tools/bin/../lib/gcc/arm-none-eabi/13.3.1/../../../../arm-none-eabi/lib/thumb/v7e-m+fp/hard\libc_nano.a(libc_a-exit.o) (__stdio_exit_handler)
C:/ST/STM32CubeIDE_1.17.0/STM32CubeIDE/plugins/com.st.stm32cube.ide.mcu.externaltools.gnu-tools-for-stm32.13.3.rel1.win32_1.0.0.202411081344/tools/bin/../lib/gcc/arm-none-eabi/13.3.1/../../../../arm-none-eabi/lib/thumb/v7e-m+fp/hard\libc_nano.a(libc_a-fwalk.o)
                              C:/ST/STM32CubeIDE_1.17.0/STM32CubeIDE/plugins/com.st.stm32cube.ide.mcu.externaltools.gnu-tools-for-stm32.13.3.rel1.win32_1.0.0.202411081344/tools/bin/../lib/gcc/arm-none-eabi/13.3.1/../../../../arm-none-eabi/lib/thumb/v7e-m+fp/hard\libc_nano.a(libc_a-findfp.o) (_fwalk_sglue)
C:/ST/STM32CubeIDE_1.17.0/STM32CubeIDE/plugins/com.st.stm32cube.ide.mcu.externaltools.gnu-tools-for-stm32.13.3.rel1.win32_1.0.0.202411081344/tools/bin/../lib/gcc/arm-none-eabi/13.3.1/../../../../arm-none-eabi/lib/thumb/v7e-m+fp/hard\libc_nano.a(libc_a-snprintf.o)
                              ./Core/common/Src/lcd2.o (snprintf)
C:/ST/STM32CubeIDE_1.17.0/STM32CubeIDE/plugins/com.st.stm32cube.ide.mcu.externaltools.gnu-tools-for-stm32.13.3.rel1.win32_1.0.0.202411081344/tools/bin/../lib/gcc/arm-none-eabi/13.3.1/../../../../arm-none-eabi/lib/thumb/v7e-m+fp/hard\libc_nano.a(libc_a-stdio.o)
                              C:/ST/STM32CubeIDE_1.17.0/STM32CubeIDE/plugins/com.st.stm32cube.ide.mcu.externaltools.gnu-tools-for-stm32.13.3.rel1.win32_1.0.0.202411081344/tools/bin/../lib/gcc/arm-none-eabi/13.3.1/../../../../arm-none-eabi/lib/thumb/v7e-m+fp/hard\libc_nano.a(libc_a-findfp.o) (__sread)
C:/ST/STM32CubeIDE_1.17.0/STM32CubeIDE/plugins/com.st.stm32cube.ide.mcu.externaltools.gnu-tools-for-stm32.13.3.rel1.win32_1.0.0.202411081344/tools/bin/../lib/gcc/arm-none-eabi/13.3.1/../../../../arm-none-eabi/lib/thumb/v7e-m+fp/hard\libc_nano.a(libc_a-memset.o)
                              C:/ST/STM32CubeIDE_1.17.0/STM32CubeIDE/plugins/com.st.stm32cube.ide.mcu.externaltools.gnu-tools-for-stm32.13.3.rel1.win32_1.0.0.202411081344/tools/bin/../lib/gcc/arm-none-eabi/13.3.1/../../../../arm-none-eabi/lib/thumb/v7e-m+fp/hard/crt0.o (memset)
C:/ST/STM32CubeIDE_1.17.0/STM32CubeIDE/plugins/com.st.stm32cube.ide.mcu.externaltools.gnu-tools-for-stm32.13.3.rel1.win32_1.0.0.202411081344/tools/bin/../lib/gcc/arm-none-eabi/13.3.1/../../../../arm-none-eabi/lib/thumb/v7e-m+fp/hard\libc_nano.a(libc_a-closer.o)
                              C:/ST/STM32CubeIDE_1.17.0/STM32CubeIDE/plugins/com.st.stm32cube.ide.mcu.externaltools.gnu-tools-for-stm32.13.3.rel1.win32_1.0.0.202411081344/tools/bin/../lib/gcc/arm-none-eabi/13.3.1/../../../../arm-none-eabi/lib/thumb/v7e-m+fp/hard\libc_nano.a(libc_a-stdio.o) (_close_r)
C:/ST/STM32CubeIDE_1.17.0/STM32CubeIDE/plugins/com.st.stm32cube.ide.mcu.externaltools.gnu-tools-for-stm32.13.3.rel1.win32_1.0.0.202411081344/tools/bin/../lib/gcc/arm-none-eabi/13.3.1/../../../../arm-none-eabi/lib/thumb/v7e-m+fp/hard\libc_nano.a(libc_a-reent.o)
                              C:/ST/STM32CubeIDE_1.17.0/STM32CubeIDE/plugins/com.st.stm32cube.ide.mcu.externaltools.gnu-tools-for-stm32.13.3.rel1.win32_1.0.0.202411081344/tools/bin/../lib/gcc/arm-none-eabi/13.3.1/../../../../arm-none-eabi/lib/thumb/v7e-m+fp/hard\libc_nano.a(libc_a-closer.o) (errno)
C:/ST/STM32CubeIDE_1.17.0/STM32CubeIDE/plugins/com.st.stm32cube.ide.mcu.externaltools.gnu-tools-for-stm32.13.3.rel1.win32_1.0.0.202411081344/tools/bin/../lib/gcc/arm-none-eabi/13.3.1/../../../../arm-none-eabi/lib/thumb/v7e-m+fp/hard\libc_nano.a(libc_a-impure.o)
                              C:/ST/STM32CubeIDE_1.17.0/STM32CubeIDE/plugins/com.st.stm32cube.ide.mcu.externaltools.gnu-tools-for-stm32.13.3.rel1.win32_1.0.0.202411081344/tools/bin/../lib/gcc/arm-none-eabi/13.3.1/../../../../arm-none-eabi/lib/thumb/v7e-m+fp/hard\libc_nano.a(libc_a-snprintf.o) (_impure_ptr)
[...]
Memory Configuration

Name             Origin             Length             Attributes
CCMRAM           0x10000000         0x00010000         xrw
RAM              0x20000000         0x00030000         xrw
FLASH            0x08010000         0x001f0000         xr
*default*        0x00000000         0xffffffff

Linker script and memory map

LOAD C:/ST/STM32CubeIDE_1.17.0/STM32CubeIDE/plugins/com.st.stm32cube.ide.mcu.externaltools.gnu-tools-for-stm32.13.3.rel1.win32_1.0.0.202411081344/tools/bin/../lib/gcc/arm-none-eabi/13.3.1/thumb/v7e-m+fp/hard/crti.o
LOAD C:/ST/STM32CubeIDE_1.17.0/STM32CubeIDE/plugins/com.st.stm32cube.ide.mcu.externaltools.gnu-tools-for-stm32.13.3.rel1.win32_1.0.0.202411081344/tools/bin/../lib/gcc/arm-none-eabi/13.3.1/thumb/v7e-m+fp/hard/crtbegin.o
LOAD C:/ST/STM32CubeIDE_1.17.0/STM32CubeIDE/plugins/com.st.stm32cube.ide.mcu.externaltools.gnu-tools-for-stm32.13.3.rel1.win32_1.0.0.202411081344/tools/bin/../lib/gcc/arm-none-eabi/13.3.1/../../../../arm-none-eabi/lib/thumb/v7e-m+fp/hard/crt0.o
LOAD ./Core/app/Src/main.o
LOAD ./Core/app/Startup/startup_stm32f429zitx.o
LOAD ./Core/common/Src/clock.o
LOAD ./Core/common/Src/gpio.o
LOAD ./Core/common/Src/lcd2.o
LOAD ./Core/common/Src/stm32f4xx_it.o
LOAD ./Core/common/Src/syscalls.o
LOAD ./Core/common/Src/sysmem.o
LOAD ./Core/common/Src/system_stm32f4xx.o
LOAD ./Core/common/Src/timbase.o
LOAD ./Core/common/Src/uart6.o
START GROUP
LOAD C:/ST/STM32CubeIDE_1.17.0/STM32CubeIDE/plugins/com.st.stm32cube.ide.mcu.externaltools.gnu-tools-for-stm32.13.3.rel1.win32_1.0.0.202411081344/tools/bin/../lib/gcc/arm-none-eabi/13.3.1/../../../../arm-none-eabi/lib/thumb/v7e-m+fp/hard\libc_nano.a
LOAD C:/ST/STM32CubeIDE_1.17.0/STM32CubeIDE/plugins/com.st.stm32cube.ide.mcu.externaltools.gnu-tools-for-stm32.13.3.rel1.win32_1.0.0.202411081344/tools/bin/../lib/gcc/arm-none-eabi/13.3.1/../../../../arm-none-eabi/lib/thumb/v7e-m+fp/hard\libm.a
END GROUP
START GROUP
LOAD C:/ST/STM32CubeIDE_1.17.0/STM32CubeIDE/plugins/com.st.stm32cube.ide.mcu.externaltools.gnu-tools-for-stm32.13.3.rel1.win32_1.0.0.202411081344/tools/bin/../lib/gcc/arm-none-eabi/13.3.1/thumb/v7e-m+fp/hard\libgcc.a
LOAD C:/ST/STM32CubeIDE_1.17.0/STM32CubeIDE/plugins/com.st.stm32cube.ide.mcu.externaltools.gnu-tools-for-stm32.13.3.rel1.win32_1.0.0.202411081344/tools/bin/../lib/gcc/arm-none-eabi/13.3.1/../../../../arm-none-eabi/lib/thumb/v7e-m+fp/hard\libc_nano.a
END GROUP
START GROUP
LOAD C:/ST/STM32CubeIDE_1.17.0/STM32CubeIDE/plugins/com.st.stm32cube.ide.mcu.externaltools.gnu-tools-for-stm32.13.3.rel1.win32_1.0.0.202411081344/tools/bin/../lib/gcc/arm-none-eabi/13.3.1/thumb/v7e-m+fp/hard\libgcc.a
LOAD C:/ST/STM32CubeIDE_1.17.0/STM32CubeIDE/plugins/com.st.stm32cube.ide.mcu.externaltools.gnu-tools-for-stm32.13.3.rel1.win32_1.0.0.202411081344/tools/bin/../lib/gcc/arm-none-eabi/13.3.1/../../../../arm-none-eabi/lib/thumb/v7e-m+fp/hard\libc_nano.a
LOAD C:/ST/STM32CubeIDE_1.17.0/STM32CubeIDE/plugins/com.st.stm32cube.ide.mcu.externaltools.gnu-tools-for-stm32.13.3.rel1.win32_1.0.0.202411081344/tools/bin/../lib/gcc/arm-none-eabi/13.3.1/../../../../arm-none-eabi/lib/thumb/v7e-m+fp/hard\libnosys.a
END GROUP
START GROUP
LOAD C:/ST/STM32CubeIDE_1.17.0/STM32CubeIDE/plugins/com.st.stm32cube.ide.mcu.externaltools.gnu-tools-for-stm32.13.3.rel1.win32_1.0.0.202411081344/tools/bin/../lib/gcc/arm-none-eabi/13.3.1/thumb/v7e-m+fp/hard\libgcc.a
LOAD C:/ST/STM32CubeIDE_1.17.0/STM32CubeIDE/plugins/com.st.stm32cube.ide.mcu.externaltools.gnu-tools-for-stm32.13.3.rel1.win32_1.0.0.202411081344/tools/bin/../lib/gcc/arm-none-eabi/13.3.1/../../../../arm-none-eabi/lib/thumb/v7e-m+fp/hard\libc_nano.a
LOAD C:/ST/STM32CubeIDE_1.17.0/STM32CubeIDE/plugins/com.st.stm32cube.ide.mcu.externaltools.gnu-tools-for-stm32.13.3.rel1.win32_1.0.0.202411081344/tools/bin/../lib/gcc/arm-none-eabi/13.3.1/../../../../arm-none-eabi/lib/thumb/v7e-m+fp/hard\libnosys.a
END GROUP
LOAD C:/ST/STM32CubeIDE_1.17.0/STM32CubeIDE/plugins/com.st.stm32cube.ide.mcu.externaltools.gnu-tools-for-stm32.13.3.rel1.win32_1.0.0.202411081344/tools/bin/../lib/gcc/arm-none-eabi/13.3.1/thumb/v7e-m+fp/hard/crtend.o
LOAD C:/ST/STM32CubeIDE_1.17.0/STM32CubeIDE/plugins/com.st.stm32cube.ide.mcu.externaltools.gnu-tools-for-stm32.13.3.rel1.win32_1.0.0.202411081344/tools/bin/../lib/gcc/arm-none-eabi/13.3.1/thumb/v7e-m+fp/hard/crtn.o
                0x20030000                        _estack = (ORIGIN (RAM) + LENGTH (RAM))
                0x00000200                        _Min_Heap_Size = 0x200
                0x00000400                        _Min_Stack_Size = 0x400

.isr_vector     0x08010000      0x1ac
                0x08010000                        . = ALIGN (0x4)
 *(.isr_vector)
 .isr_vector    0x08010000      0x1ac ./Core/app/Startup/startup_stm32f429zitx.o
                0x08010000                g_pfnVectors
                0x080101ac                        . = ALIGN (0x4)

.text           0x080101ac      0xd68
                0x080101ac                        . = ALIGN (0x4)
 *(.text)
 .text          0x080101ac       0x40 C:/ST/STM32CubeIDE_1.17.0/STM32CubeIDE/plugins/com.st.stm32cube.ide.mcu.externaltools.gnu-tools-for-stm32.13.3.rel1.win32_1.0.0.202411081344/tools/bin/../lib/gcc/arm-none-eabi/13.3.1/thumb/v7e-m+fp/hard/crtbegin.o
 *(.text*)
 .text.main     0x080101ec       0x74 ./Core/app/Src/main.o
                0x080101ec                main
 .text.led_on   0x08010260       0x40 ./Core/app/Src/main.o
                0x08010260                led_on
 .text.led_off  0x080102a0       0x1c ./Core/app/Src/main.o
                0x080102a0                led_off
 .text.Reset_Handler
                0x080102bc       0x50 ./Core/app/Startup/startup_stm32f429zitx.o
                0x080102bc                Reset_Handler
 .text.Default_Handler
                0x0801030c        0x2 ./Core/app/Startup/startup_stm32f429zitx.o
                0x0801030c                RTC_Alarm_IRQHandler
                0x0801030c                HASH_RNG_IRQHandler
                0x0801030c                EXTI2_IRQHandler
                0x0801030c                TIM8_CC_IRQHandler
                0x0801030c                UART8_IRQHandler
                0x0801030c                SPI4_IRQHandler
                0x0801030c                TIM1_CC_IRQHandler
                0x0801030c                DMA2_Stream5_IRQHandler
                0x0801030c                DMA1_Stream5_IRQHandler
                0x0801030c                PVD_IRQHandler
                0x0801030c                SDIO_IRQHandler
                0x0801030c                TAMP_STAMP_IRQHandler
                0x0801030c                CAN2_RX1_IRQHandler
                0x0801030c                EXTI3_IRQHandler
                0x0801030c                TIM8_TRG_COM_TIM14_IRQHandler
                0x0801030c                TIM1_UP_TIM10_IRQHandler
                0x0801030c                TIM8_UP_TIM13_IRQHandler
                0x0801030c                I2C3_ER_IRQHandler
                0x0801030c                EXTI0_IRQHandler
                0x0801030c                I2C2_EV_IRQHandler
                0x0801030c                DMA1_Stream2_IRQHandler
                0x0801030c                CAN1_RX0_IRQHandler
                0x0801030c                FPU_IRQHandler
                0x0801030c                OTG_HS_WKUP_IRQHandler
                0x0801030c                LTDC_ER_IRQHandler
                0x0801030c                CAN2_SCE_IRQHandler
                0x0801030c                DMA2_Stream2_IRQHandler
                0x0801030c                SPI1_IRQHandler
                0x0801030c                TIM6_DAC_IRQHandler
                0x0801030c                TIM1_BRK_TIM9_IRQHandler
                0x0801030c                DCMI_IRQHandler
                0x0801030c                CAN2_RX0_IRQHandler
                0x0801030c                DMA2_Stream3_IRQHandler
                0x0801030c                USART6_IRQHandler
                0x0801030c                USART3_IRQHandler
                0x0801030c                CAN1_RX1_IRQHandler
                0x0801030c                UART5_IRQHandler
                0x0801030c                DMA2_Stream0_IRQHandler
                0x0801030c                TIM4_IRQHandler
                0x0801030c                I2C1_EV_IRQHandler
                0x0801030c                DMA1_Stream6_IRQHandler
                0x0801030c                DMA1_Stream1_IRQHandler
                0x0801030c                UART4_IRQHandler
                0x0801030c                TIM3_IRQHandler
                0x0801030c                RCC_IRQHandler
                0x0801030c                TIM8_BRK_TIM12_IRQHandler
                0x0801030c                Default_Handler
                0x0801030c                EXTI15_10_IRQHandler
                0x0801030c                ADC_IRQHandler
                0x0801030c                DMA1_Stream7_IRQHandler
                0x0801030c                SPI5_IRQHandler
                0x0801030c                TIM7_IRQHandler
                0x0801030c                CAN2_TX_IRQHandler
                0x0801030c                TIM5_IRQHandler
                0x0801030c                DMA2_Stream7_IRQHandler
                0x0801030c                I2C3_EV_IRQHandler
                0x0801030c                EXTI9_5_IRQHandler
                0x0801030c                RTC_WKUP_IRQHandler
                0x0801030c                LTDC_IRQHandler
                0x0801030c                ETH_WKUP_IRQHandler
                0x0801030c                SPI2_IRQHandler
                0x0801030c                OTG_HS_EP1_IN_IRQHandler
                0x0801030c                DMA1_Stream0_IRQHandler
                0x0801030c                CAN1_TX_IRQHandler
                0x0801030c                EXTI4_IRQHandler
                0x0801030c                ETH_IRQHandler
                0x0801030c                OTG_HS_EP1_OUT_IRQHandler
                0x0801030c                WWDG_IRQHandler
                0x0801030c                SPI6_IRQHandler
                0x0801030c                TIM2_IRQHandler
                0x0801030c                OTG_FS_WKUP_IRQHandler
                0x0801030c                TIM1_TRG_COM_TIM11_IRQHandler
                0x0801030c                OTG_HS_IRQHandler
                0x0801030c                DMA2D_IRQHandler
                0x0801030c                EXTI1_IRQHandler
                0x0801030c                UART7_IRQHandler
                0x0801030c                USART2_IRQHandler
                0x0801030c                I2C2_ER_IRQHandler
                0x0801030c                DMA2_Stream1_IRQHandler
                0x0801030c                CAN1_SCE_IRQHandler
                0x0801030c                FLASH_IRQHandler
                0x0801030c                DMA2_Stream4_IRQHandler
                0x0801030c                USART1_IRQHandler
                0x0801030c                OTG_FS_IRQHandler
                0x0801030c                SPI3_IRQHandler
                0x0801030c                DMA1_Stream4_IRQHandler
                0x0801030c                I2C1_ER_IRQHandler
                0x0801030c                FMC_IRQHandler
                0x0801030c                DMA2_Stream6_IRQHandler
                0x0801030c                SAI1_IRQHandler
                0x0801030c                DMA1_Stream3_IRQHandler
 *fill*         0x0801030e        0x2 
 .text.get_hclk
                0x08010310       0x18 ./Core/common/Src/clock.o
                0x08010310                get_hclk
 .text.get_pclk1
                0x08010328       0x18 ./Core/common/Src/clock.o
                0x08010328                get_pclk1
 .text.get_pclk2
                0x08010340       0x18 ./Core/common/Src/clock.o
                0x08010340                get_pclk2
 .text.wait_set
                0x08010358       0x40 ./Core/common/Src/clock.o
 .text.wait_clear
                0x08010398       0x40 ./Core/common/Src/clock.o
 .text.clock_update
                0x080103d8      0x1e0 ./Core/common/Src/clock.o
                0x080103d8                clock_update
 .text.hse_enable
                0x080105b8       0x44 ./Core/common/Src/clock.o
                0x080105b8                hse_enable
 .text.clock_hse_pll_168
                0x080105fc      0x12c ./Core/common/Src/clock.o
                0x080105fc                clock_hse_pll_168
 .text.GPIO_Enable
                0x08010728       0x38 ./Core/common/Src/gpio.o
                0x08010728                GPIO_Enable
 .text.GPIO_Write
                0x08010760       0x8a ./Core/common/Src/gpio.o
                0x08010760                GPIO_Write
 *fill*         0x080107ea        0x2 
 .text.GPIO_AF  0x080107ec       0xec ./Core/common/Src/gpio.o
                0x080107ec                GPIO_AF
 .text.NMI_Handler
                0x080108d8        0x8 ./Core/common/Src/stm32f4xx_it.o
                0x080108d8                NMI_Handler
 .text.HardFault_Handler
                0x080108e0        0x8 ./Core/common/Src/stm32f4xx_it.o
                0x080108e0                HardFault_Handler
 .text.MemManage_Handler
                0x080108e8        0x8 ./Core/common/Src/stm32f4xx_it.o
                0x080108e8                MemManage_Handler
 .text.BusFault_Handler
                0x080108f0        0x8 ./Core/common/Src/stm32f4xx_it.o
                0x080108f0                BusFault_Handler
 .text.UsageFault_Handler
                0x080108f8        0x8 ./Core/common/Src/stm32f4xx_it.o
                0x080108f8                UsageFault_Handler
 .text.SVC_Handler
                0x08010900        0xe ./Core/common/Src/stm32f4xx_it.o
                0x08010900                SVC_Handler
 .text.DebugMon_Handler
                0x0801090e        0xe ./Core/common/Src/stm32f4xx_it.o
                0x0801090e                DebugMon_Handler
 .text.PendSV_Handler
                0x0801091c        0xe ./Core/common/Src/stm32f4xx_it.o
                0x0801091c                PendSV_Handler
 .text.SysTick_Handler
                0x0801092a        0xc ./Core/common/Src/stm32f4xx_it.o
                0x0801092a                SysTick_Handler
 *fill*         0x08010936        0x2 
 .text.SystemInit
                0x08010938       0x24 ./Core/common/Src/system_stm32f4xx.o
                0x08010938                SystemInit
 .text.timebase_isr_tick
                0x0801095c       0x1c ./Core/common/Src/timbase.o
                0x0801095c                timebase_isr_tick
 .text.sys_init
                0x08010978       0x40 ./Core/common/Src/timbase.o
                0x08010978                sys_init
 .text.tim2_pwm_output
                0x080109b8       0xc4 ./Core/common/Src/timbase.o
                0x080109b8                tim2_pwm_output
 .text.tim5_pwm_capture
                0x08010a7c       0xf8 ./Core/common/Src/timbase.o
                0x08010a7c                tim5_pwm_capture
 .text.tim5_capture_get
                0x08010b74       0x70 ./Core/common/Src/timbase.o
                0x08010b74                tim5_capture_get
 .text.tim5_freq_duty
                0x08010be4       0x5c ./Core/common/Src/timbase.o
                0x08010be4                tim5_freq_duty
 .text.get_tim_clk
                0x08010c40       0x80 ./Core/common/Src/timbase.o
                0x08010c40                get_tim_clk
 .text.delay    0x08010cc0       0x2a ./Core/common/Src/timbase.o
                0x08010cc0                delay
 *fill*         0x08010cea        0x2 
 .text.millis   0x08010cec       0x18 ./Core/common/Src/timbase.o
                0x08010cec                millis
 .text.USART6_INIT
                0x08010d04       0xb0 ./Core/common/Src/uart6.o
                0x08010d04                USART6_INIT
 .text.uart_puts
                0x08010db4       0x70 ./Core/common/Src/uart6.o
                0x08010db4                uart_puts
 .text.uart_set_baud
                0x08010e24       0x8e ./Core/common/Src/uart6.o
                0x08010e24                uart_set_baud
 *fill*         0x08010eb2        0x2 
 .text.__libc_init_array
                0x08010eb4       0x48 C:/ST/STM32CubeIDE_1.17.0/STM32CubeIDE/plugins/com.st.stm32cube.ide.mcu.externaltools.gnu-tools-for-stm32.13.3.rel1.win32_1.0.0.202411081344/tools/bin/../lib/gcc/arm-none-eabi/13.3.1/../../../../arm-none-eabi/lib/thumb/v7e-m+fp/hard\libc_nano.a(libc_a-init.o)
                0x08010eb4                __libc_init_array
 *(.glue_7)
 .glue_7        0x08010efc        0x0 linker stubs
 *(.glue_7t)
 .glue_7t       0x08010efc        0x0 linker stubs
 *(.eh_frame)
 .eh_frame      0x08010efc        0x0 C:/ST/STM32CubeIDE_1.17.0/STM32CubeIDE/plugins/com.st.stm32cube.ide.mcu.externaltools.gnu-tools-for-stm32.13.3.rel1.win32_1.0.0.202411081344/tools/bin/../lib/gcc/arm-none-eabi/13.3.1/thumb/v7e-m+fp/hard/crtbegin.o
 *(.init)
 .init          0x08010efc        0x4 C:/ST/STM32CubeIDE_1.17.0/STM32CubeIDE/plugins/com.st.stm32cube.ide.mcu.externaltools.gnu-tools-for-stm32.13.3.rel1.win32_1.0.0.202411081344/tools/bin/../lib/gcc/arm-none-eabi/13.3.1/thumb/v7e-m+fp/hard/crti.o
                0x08010efc                _init
 .init          0x08010f00        0x8 C:/ST/STM32CubeIDE_1.17.0/STM32CubeIDE/plugins/com.st.stm32cube.ide.mcu.externaltools.gnu-tools-for-stm32.13.3.rel1.win32_1.0.0.202411081344/tools/bin/../lib/gcc/arm-none-eabi/13.3.1/thumb/v7e-m+fp/hard/crtn.o
 *(.fini)
 .fini          0x08010f08        0x4 C:/ST/STM32CubeIDE_1.17.0/STM32CubeIDE/plugins/com.st.stm32cube.ide.mcu.externaltools.gnu-tools-for-stm32.13.3.rel1.win32_1.0.0.202411081344/tools/bin/../lib/gcc/arm-none-eabi/13.3.1/thumb/v7e-m+fp/hard/crti.o
                0x08010f08                _fini
 .fini          0x08010f0c        0x8 C:/ST/STM32CubeIDE_1.17.0/STM32CubeIDE/plugins/com.st.stm32cube.ide.mcu.externaltools.gnu-tools-for-stm32.13.3.rel1.win32_1.0.0.202411081344/tools/bin/../lib/gcc/arm-none-eabi/13.3.1/thumb/v7e-m+fp/hard/crtn.o
                0x08010f14                        . = ALIGN (0x4)
                0x08010f14                        _etext = .

.vfp11_veneer   0x08010f14        0x0
 .vfp11_veneer  0x08010f14        0x0 linker stubs

.v4_bx          0x08010f14        0x0
 .v4_bx         0x08010f14        0x0 linker stubs

.iplt           0x08010f14        0x0
 .iplt          0x08010f14        0x0 C:/ST/STM32CubeIDE_1.17.0/STM32CubeIDE/plugins/com.st.stm32cube.ide.mcu.externaltools.gnu-tools-for-stm32.13.3.rel1.win32_1.0.0.202411081344/tools/bin/../lib/gcc/arm-none-eabi/13.3.1/thumb/v7e-m+fp/hard/crtbegin.o

.rodata         0x08010f14       0x30
                0x08010f14                        . = ALIGN (0x4)
 *(.rodata)
 *(.rodata*)
 .rodata.apb_tbl
                0x08010f14        0x8 ./Core/common/Src/clock.o
                0x08010f14                apb_tbl
 .rodata.ahb_tbl
                0x08010f1c       0x20 ./Core/common/Src/clock.o
                0x08010f1c                ahb_tbl
 .rodata.pllp_tbl
                0x08010f3c        0x8 ./Core/common/Src/clock.o
                0x08010f44                        . = ALIGN (0x4)

.ARM.extab      0x08010f44        0x0
                0x08010f44                        . = ALIGN (0x4)
 *(.ARM.extab* .gnu.linkonce.armextab.*)
                0x08010f44                        . = ALIGN (0x4)

.ARM            0x08010f44        0x0
                0x08010f44                        . = ALIGN (0x4)
                0x08010f44                        __exidx_start = .
 *(.ARM.exidx*)
                0x08010f44                        __exidx_end = .
                0x08010f44                        . = ALIGN (0x4)

.preinit_array  0x08010f44        0x0
                0x08010f44                        . = ALIGN (0x4)
                0x08010f44                        PROVIDE (__preinit_array_start = .)
 *(.preinit_array*)
                0x08010f44                        PROVIDE (__preinit_array_end = .)
                0x08010f44                        . = ALIGN (0x4)

.init_array     0x08010f44        0x4
                0x08010f44                        . = ALIGN (0x4)
                0x08010f44                        PROVIDE (__init_array_start = .)
 *(SORT_BY_NAME(.init_array.*))
 *(.init_array*)
 .init_array    0x08010f44        0x4 C:/ST/STM32CubeIDE_1.17.0/STM32CubeIDE/plugins/com.st.stm32cube.ide.mcu.externaltools.gnu-tools-for-stm32.13.3.rel1.win32_1.0.0.202411081344/tools/bin/../lib/gcc/arm-none-eabi/13.3.1/thumb/v7e-m+fp/hard/crtbegin.o
                0x08010f48                        PROVIDE (__init_array_end = .)
                0x08010f48                        . = ALIGN (0x4)

.fini_array     0x08010f48        0x4
                0x08010f48                        . = ALIGN (0x4)
                [!provide]                        PROVIDE (__fini_array_start = .)
 *(SORT_BY_NAME(.fini_array.*))
 *(.fini_array*)
 .fini_array    0x08010f48        0x4 C:/ST/STM32CubeIDE_1.17.0/STM32CubeIDE/plugins/com.st.stm32cube.ide.mcu.externaltools.gnu-tools-for-stm32.13.3.rel1.win32_1.0.0.202411081344/tools/bin/../lib/gcc/arm-none-eabi/13.3.1/thumb/v7e-m+fp/hard/crtbegin.o
                [!provide]                        PROVIDE (__fini_array_end = .)
                0x08010f4c                        . = ALIGN (0x4)
                0x08010f4c                        _sidata = LOADADDR (.data)

.rel.dyn        0x08010f4c        0x0
 .rel.iplt      0x08010f4c        0x0 C:/ST/STM32CubeIDE_1.17.0/STM32CubeIDE/plugins/com.st.stm32cube.ide.mcu.externaltools.gnu-tools-for-stm32.13.3.rel1.win32_1.0.0.202411081344/tools/bin/../lib/gcc/arm-none-eabi/13.3.1/thumb/v7e-m+fp/hard/crtbegin.o

.data           0x20000000        0x4 load address 0x08010f4c
                0x20000000                        . = ALIGN (0x4)
                0x20000000                        _sdata = .
 *(.data)
 *(.data*)
 .data.msg      0x20000000        0x3 ./Core/app/Src/main.o
                0x20000000                msg
 *(.RamFunc)
 *(.RamFunc*)
                0x20000004                        . = ALIGN (0x4)
 *fill*         0x20000003        0x1 
                0x20000004                        _edata = .
                0x08010f50                        _siccmram = LOADADDR (.ccmram)

.igot.plt       0x20000004        0x0 load address 0x08010f50
 .igot.plt      0x20000004        0x0 C:/ST/STM32CubeIDE_1.17.0/STM32CubeIDE/plugins/com.st.stm32cube.ide.mcu.externaltools.gnu-tools-for-stm32.13.3.rel1.win32_1.0.0.202411081344/tools/bin/../lib/gcc/arm-none-eabi/13.3.1/thumb/v7e-m+fp/hard/crtbegin.o

.ccmram         0x10000000        0x0 load address 0x08010f50
                0x10000000                        . = ALIGN (0x4)
                0x10000000                        _sccmram = .
 *(.ccmram)
 *(.ccmram*)
                0x10000000                        . = ALIGN (0x4)
                0x10000000                        _eccmram = .
                0x10000000                        . = ALIGN (0x4)

.bss            0x20000004       0x2c
                0x20000004                        _sbss = .
                0x20000004                        __bss_start__ = _sbss
 *(.bss)
 .bss           0x20000004       0x1c C:/ST/STM32CubeIDE_1.17.0/STM32CubeIDE/plugins/com.st.stm32cube.ide.mcu.externaltools.gnu-tools-for-stm32.13.3.rel1.win32_1.0.0.202411081344/tools/bin/../lib/gcc/arm-none-eabi/13.3.1/thumb/v7e-m+fp/hard/crtbegin.o
 *(.bss*)
 .bss.j_hclk    0x20000020        0x4 ./Core/common/Src/clock.o
 .bss.j_pclk1   0x20000024        0x4 ./Core/common/Src/clock.o
 .bss.j_pclk2   0x20000028        0x4 ./Core/common/Src/clock.o
 .bss.sys_ms    0x2000002c        0x4 ./Core/common/Src/timbase.o
 *(COMMON)
                0x20000030                        . = ALIGN (0x4)
                0x20000030                        _ebss = .
                0x20000030                        __bss_end__ = _ebss

._user_heap_stack
                0x20000030      0x600
                0x20000030                        . = ALIGN (0x8)
                [!provide]                        PROVIDE (end = .)
                0x20000030                        PROVIDE (_end = .)
                0x20000230                        . = (. + _Min_Heap_Size)
 *fill*         0x20000030      0x200 
                0x20000630                        . = (. + _Min_Stack_Size)
 *fill*         0x20000230      0x400 
                0x20000630                        . = ALIGN (0x8)

/DISCARD/
 libc.a(*)
 libm.a(*)
 libgcc.a(*)

.ARM.attributes
                0x00000000       0x30
 *(.ARM.attributes)
 .ARM.attributes
                0x00000000       0x22 C:/ST/STM32CubeIDE_1.17.0/STM32CubeIDE/plugins/com.st.stm32cube.ide.mcu.externaltools.gnu-tools-for-stm32.13.3.rel1.win32_1.0.0.202411081344/tools/bin/../lib/gcc/arm-none-eabi/13.3.1/thumb/v7e-m+fp/hard/crti.o
 .ARM.attributes
                0x00000022       0x34 C:/ST/STM32CubeIDE_1.17.0/STM32CubeIDE/plugins/com.st.stm32cube.ide.mcu.externaltools.gnu-tools-for-stm32.13.3.rel1.win32_1.0.0.202411081344/tools/bin/../lib/gcc/arm-none-eabi/13.3.1/thumb/v7e-m+fp/hard/crtbegin.o
 .ARM.attributes
                0x00000056       0x34 ./Core/app/Src/main.o
 .ARM.attributes
                0x0000008a       0x21 ./Core/app/Startup/startup_stm32f429zitx.o
 .ARM.attributes
                0x000000ab       0x34 ./Core/common/Src/clock.o
 .ARM.attributes
                0x000000df       0x34 ./Core/common/Src/gpio.o
 .ARM.attributes
                0x00000113       0x34 ./Core/common/Src/stm32f4xx_it.o
 .ARM.attributes
                0x00000147       0x34 ./Core/common/Src/system_stm32f4xx.o
 .ARM.attributes
                0x0000017b       0x34 ./Core/common/Src/timbase.o
 .ARM.attributes
                0x000001af       0x34 ./Core/common/Src/uart6.o
 .ARM.attributes
                0x000001e3       0x34 C:/ST/STM32CubeIDE_1.17.0/STM32CubeIDE/plugins/com.st.stm32cube.ide.mcu.externaltools.gnu-tools-for-stm32.13.3.rel1.win32_1.0.0.202411081344/tools/bin/../lib/gcc/arm-none-eabi/13.3.1/../../../../arm-none-eabi/lib/thumb/v7e-m+fp/hard\libc_nano.a(libc_a-init.o)
 .ARM.attributes
                0x00000217       0x22 C:/ST/STM32CubeIDE_1.17.0/STM32CubeIDE/plugins/com.st.stm32cube.ide.mcu.externaltools.gnu-tools-for-stm32.13.3.rel1.win32_1.0.0.202411081344/tools/bin/../lib/gcc/arm-none-eabi/13.3.1/thumb/v7e-m+fp/hard/crtn.o
OUTPUT(no-codegen.elf elf32-littlearm)
LOAD linker stubs
LOAD C:/ST/STM32CubeIDE_1.17.0/STM32CubeIDE/plugins/com.st.stm32cube.ide.mcu.externaltools.gnu-tools-for-stm32.13.3.rel1.win32_1.0.0.202411081344/tools/bin/../lib/gcc/arm-none-eabi/13.3.1/../../../../arm-none-eabi/lib/thumb/v7e-m+fp/hard\libc.a
LOAD C:/ST/STM32CubeIDE_1.17.0/STM32CubeIDE/plugins/com.st.stm32cube.ide.mcu.externaltools.gnu-tools-for-stm32.13.3.rel1.win32_1.0.0.202411081344/tools/bin/../lib/gcc/arm-none-eabi/13.3.1/../../../../arm-none-eabi/lib/thumb/v7e-m+fp/hard\libm.a
LOAD C:/ST/STM32CubeIDE_1.17.0/STM32CubeIDE/plugins/com.st.stm32cube.ide.mcu.externaltools.gnu-tools-for-stm32.13.3.rel1.win32_1.0.0.202411081344/tools/bin/../lib/gcc/arm-none-eabi/13.3.1/thumb/v7e-m+fp/hard\libgcc.a

.debug_info     0x00000000     0x17b1
 .debug_info    0x00000000      0x4bb ./Core/app/Src/main.o
 .debug_info    0x000004bb       0x30 ./Core/app/Startup/startup_stm32f429zitx.o
 .debug_info    0x000004eb      0x31d ./Core/common/Src/clock.o
 .debug_info    0x00000808      0x296 ./Core/common/Src/gpio.o
 .debug_info    0x00000a9e      0x10b ./Core/common/Src/stm32f4xx_it.o
 .debug_info    0x00000ba9      0x527 ./Core/common/Src/system_stm32f4xx.o
 .debug_info    0x000010d0      0x366 ./Core/common/Src/timbase.o
 .debug_info    0x00001436      0x37b ./Core/common/Src/uart6.o

.debug_abbrev   0x00000000      0x96d
 .debug_abbrev  0x00000000      0x2a3 ./Core/app/Src/main.o
 .debug_abbrev  0x000002a3       0x24 ./Core/app/Startup/startup_stm32f429zitx.o
 .debug_abbrev  0x000002c7      0x15c ./Core/common/Src/clock.o
 .debug_abbrev  0x00000423       0xf1 ./Core/common/Src/gpio.o
 .debug_abbrev  0x00000514       0x73 ./Core/common/Src/stm32f4xx_it.o
 .debug_abbrev  0x00000587      0x11a ./Core/common/Src/system_stm32f4xx.o
 .debug_abbrev  0x000006a1      0x170 ./Core/common/Src/timbase.o
 .debug_abbrev  0x00000811      0x15c ./Core/common/Src/uart6.o

.debug_aranges  0x00000000      0x250
 .debug_aranges
                0x00000000       0x68 ./Core/app/Src/main.o
 .debug_aranges
                0x00000068       0x28 ./Core/app/Startup/startup_stm32f429zitx.o
 .debug_aranges
                0x00000090       0x58 ./Core/common/Src/clock.o
 .debug_aranges
                0x000000e8       0x30 ./Core/common/Src/gpio.o
 .debug_aranges
                0x00000118       0x60 ./Core/common/Src/stm32f4xx_it.o
 .debug_aranges
                0x00000178       0x28 ./Core/common/Src/system_stm32f4xx.o
 .debug_aranges
                0x000001a0       0x68 ./Core/common/Src/timbase.o
 .debug_aranges
                0x00000208       0x48 ./Core/common/Src/uart6.o

.debug_rnglists
                0x00000000      0x1a2
 .debug_rnglists
                0x00000000       0x4d ./Core/app/Src/main.o
 .debug_rnglists
                0x0000004d       0x19 ./Core/app/Startup/startup_stm32f429zitx.o
 .debug_rnglists
                0x00000066       0x3f ./Core/common/Src/clock.o
 .debug_rnglists
                0x000000a5       0x21 ./Core/common/Src/gpio.o
 .debug_rnglists
                0x000000c6       0x43 ./Core/common/Src/stm32f4xx_it.o
 .debug_rnglists
                0x00000109       0x1a ./Core/common/Src/system_stm32f4xx.o
 .debug_rnglists
                0x00000123       0x4c ./Core/common/Src/timbase.o
 .debug_rnglists
                0x0000016f       0x33 ./Core/common/Src/uart6.o

.debug_macro    0x00000000    0x1aae3
 .debug_macro   0x00000000       0xbd ./Core/app/Src/main.o
 .debug_macro   0x000000bd      0xad8 ./Core/app/Src/main.o
 .debug_macro   0x00000b95       0x22 ./Core/app/Src/main.o
 .debug_macro   0x00000bb7       0x8e ./Core/app/Src/main.o
 .debug_macro   0x00000c45       0x51 ./Core/app/Src/main.o
 .debug_macro   0x00000c96      0x103 ./Core/app/Src/main.o
 .debug_macro   0x00000d99       0x6a ./Core/app/Src/main.o
 .debug_macro   0x00000e03      0x1df ./Core/app/Src/main.o
 .debug_macro   0x00000fe2      0x190 ./Core/app/Src/main.o
 .debug_macro   0x00001172       0x10 ./Core/app/Src/main.o
 .debug_macro   0x00001182       0x94 ./Core/common/Src/clock.o
 .debug_macro   0x00001216      0x18a ./Core/common/Src/clock.o
 .debug_macro   0x000013a0       0x7c ./Core/common/Src/gpio.o
 .debug_macro   0x0000141c       0x80 ./Core/common/Src/stm32f4xx_it.o
 .debug_macro   0x0000149c      0x136 ./Core/common/Src/stm32f4xx_it.o
 .debug_macro   0x000015d2       0xda ./Core/common/Src/system_stm32f4xx.o
 .debug_macro   0x000016ac       0x2e ./Core/common/Src/system_stm32f4xx.o
 .debug_macro   0x000016da       0x28 ./Core/common/Src/system_stm32f4xx.o
 .debug_macro   0x00001702       0x1c ./Core/common/Src/system_stm32f4xx.o
 .debug_macro   0x0000171e       0x22 ./Core/common/Src/system_stm32f4xx.o
 .debug_macro   0x00001740       0xfb ./Core/common/Src/system_stm32f4xx.o
 .debug_macro   0x0000183b     0x1011 ./Core/common/Src/system_stm32f4xx.o
 .debug_macro   0x0000284c      0x11f ./Core/common/Src/system_stm32f4xx.o
 .debug_macro   0x0000296b    0x17ff1 ./Core/common/Src/system_stm32f4xx.o
 .debug_macro   0x0001a95c       0x6d ./Core/common/Src/system_stm32f4xx.o
 .debug_macro   0x0001a9c9       0x9a ./Core/common/Src/timbase.o
 .debug_macro   0x0001aa63       0x80 ./Core/common/Src/uart6.o

.debug_line     0x00000000     0x2fb8
 .debug_line    0x00000000      0xb5a ./Core/app/Src/main.o
 .debug_line    0x00000b5a       0x7a ./Core/app/Startup/startup_stm32f429zitx.o
 .debug_line    0x00000bd4      0x6ef ./Core/common/Src/clock.o
 .debug_line    0x000012c3      0x55b ./Core/common/Src/gpio.o
 .debug_line    0x0000181e      0x508 ./Core/common/Src/stm32f4xx_it.o
 .debug_line    0x00001d26      0x56d ./Core/common/Src/system_stm32f4xx.o
 .debug_line    0x00002293      0x6c3 ./Core/common/Src/timbase.o
 .debug_line    0x00002956      0x662 ./Core/common/Src/uart6.o

.debug_str      0x00000000    0x95435
 .debug_str     0x00000000    0x95435 ./Core/app/Src/main.o
                               0x5069 (size before relaxing)
 .debug_str     0x00095435       0x70 ./Core/app/Startup/startup_stm32f429zitx.o
 .debug_str     0x00095435     0x4edb ./Core/common/Src/clock.o
 .debug_str     0x00095435     0x4f1e ./Core/common/Src/gpio.o
 .debug_str     0x00095435     0x4317 ./Core/common/Src/stm32f4xx_it.o
 .debug_str     0x00095435    0x93a18 ./Core/common/Src/system_stm32f4xx.o
 .debug_str     0x00095435     0x4f99 ./Core/common/Src/timbase.o
 .debug_str     0x00095435     0x4f70 ./Core/common/Src/uart6.o

.comment        0x00000000       0x43
 .comment       0x00000000       0x43 ./Core/app/Src/main.o
                                 0x44 (size before relaxing)
 .comment       0x00000043       0x44 ./Core/common/Src/clock.o
 .comment       0x00000043       0x44 ./Core/common/Src/gpio.o
 .comment       0x00000043       0x44 ./Core/common/Src/stm32f4xx_it.o
 .comment       0x00000043       0x44 ./Core/common/Src/system_stm32f4xx.o
 .comment       0x00000043       0x44 ./Core/common/Src/timbase.o
 .comment       0x00000043       0x44 ./Core/common/Src/uart6.o

.debug_frame    0x00000000      0x6f4
 .debug_frame   0x00000000      0x16c ./Core/app/Src/main.o
 .debug_frame   0x0000016c      0x120 ./Core/common/Src/clock.o
 .debug_frame   0x0000028c       0x80 ./Core/common/Src/gpio.o
 .debug_frame   0x0000030c      0x104 ./Core/common/Src/stm32f4xx_it.o
 .debug_frame   0x00000410       0x58 ./Core/common/Src/system_stm32f4xx.o
 .debug_frame   0x00000468      0x16c ./Core/common/Src/timbase.o
 .debug_frame   0x000005d4       0xf4 ./Core/common/Src/uart6.o
 .debug_frame   0x000006c8       0x2c C:/ST/STM32CubeIDE_1.17.0/STM32CubeIDE/plugins/com.st.stm32cube.ide.mcu.externaltools.gnu-tools-for-stm32.13.3.rel1.win32_1.0.0.202411081344/tools/bin/../lib/gcc/arm-none-eabi/13.3.1/../../../../arm-none-eabi/lib/thumb/v7e-m+fp/hard\libc_nano.a(libc_a-init.o)

.debug_line_str
                0x00000000       0x54
 .debug_line_str
                0x00000000       0x54 ./Core/app/Startup/startup_stm32f429zitx.o
